#! /opt/homebrew/Cellar/icarus-verilog/12.0/bin/vvp
:ivl_version "12.0 (stable)";
:ivl_delay_selection "TYPICAL";
:vpi_time_precision - 11;
:vpi_module "/opt/homebrew/Cellar/icarus-verilog/12.0/lib/ivl/system.vpi";
:vpi_module "/opt/homebrew/Cellar/icarus-verilog/12.0/lib/ivl/vhdl_sys.vpi";
:vpi_module "/opt/homebrew/Cellar/icarus-verilog/12.0/lib/ivl/vhdl_textio.vpi";
:vpi_module "/opt/homebrew/Cellar/icarus-verilog/12.0/lib/ivl/v2005_math.vpi";
:vpi_module "/opt/homebrew/Cellar/icarus-verilog/12.0/lib/ivl/va_math.vpi";
S_0x147721d80 .scope module, "tutorial_tb" "tutorial_tb" 2 3;
 .timescale -9 -11;
P_0x14771ef40 .param/l "T0" 0 2 19, C4<0010>;
P_0x14771ef80 .param/l "T1" 0 2 19, C4<0011>;
P_0x14771efc0 .param/l "T2" 0 2 19, C4<0100>;
P_0x14771f000 .param/l "init" 0 2 19, C4<0001>;
v0x1477370b0_0 .var "AddImmediate", 7 0;
v0x147737180_0 .var "RAin", 0 0;
v0x147737210_0 .var "RAout", 0 0;
v0x1477372e0_0 .var "RBin", 0 0;
v0x1477373b0_0 .var "RBout", 0 0;
v0x1477374c0_0 .var "RZin", 0 0;
v0x147737590_0 .var "RZout", 0 0;
v0x147737660_0 .var "RegisterAImmediate", 7 0;
v0x147737730_0 .var "clear", 0 0;
v0x1477378c0_0 .var "clock", 0 0;
v0x1477379d0_0 .var "present_state", 3 0;
E_0x147706af0 .event anyedge, v0x1477379d0_0;
E_0x147705db0 .event negedge, v0x147734170_0;
S_0x14771fb90 .scope module, "DP" "DataPath" 2 11, 3 1 0, S_0x147721d80;
 .timescale -9 -11;
    .port_info 0 /INPUT 1 "clock";
    .port_info 1 /INPUT 1 "clear";
    .port_info 2 /INPUT 8 "A";
    .port_info 3 /INPUT 8 "RegisterAImmediate";
    .port_info 4 /INPUT 1 "RZout";
    .port_info 5 /INPUT 1 "RAout";
    .port_info 6 /INPUT 1 "RBout";
    .port_info 7 /INPUT 1 "RAin";
    .port_info 8 /INPUT 1 "RBin";
    .port_info 9 /INPUT 1 "RZin";
v0x1477365a0_0 .net "A", 7 0, v0x1477370b0_0;  1 drivers
v0x147736650_0 .net "BusMuxInRA", 7 0, L_0x147737a60;  1 drivers
v0x1477366e0_0 .net "BusMuxInRB", 7 0, L_0x147737ad0;  1 drivers
v0x1477367b0_0 .net "BusMuxInRZ", 7 0, L_0x147737b40;  1 drivers
v0x147736890_0 .net "BusMuxOut", 7 0, L_0x147737bb0;  1 drivers
v0x147736960_0 .net "RAin", 0 0, v0x147737180_0;  1 drivers
v0x1477369f0_0 .net "RAout", 0 0, v0x147737210_0;  1 drivers
v0x147736a80_0 .net "RBin", 0 0, v0x1477372e0_0;  1 drivers
v0x147736b30_0 .net "RBout", 0 0, v0x1477373b0_0;  1 drivers
v0x147736c60_0 .net "RZin", 0 0, v0x1477374c0_0;  1 drivers
v0x147736cf0_0 .net "RZout", 0 0, v0x147737590_0;  1 drivers
v0x147736d80_0 .net "RegisterAImmediate", 7 0, v0x147737660_0;  1 drivers
v0x147736e30_0 .net "Zregin", 7 0, v0x147735a40_0;  1 drivers
v0x147736f00_0 .net "clear", 0 0, v0x147737730_0;  1 drivers
v0x147736f90_0 .net "clock", 0 0, v0x1477378c0_0;  1 drivers
S_0x147725fd0 .scope module, "RA" "register" 3 13, 4 1 0, S_0x14771fb90;
 .timescale -9 -11;
    .port_info 0 /INPUT 1 "clear";
    .port_info 1 /INPUT 1 "clock";
    .port_info 2 /INPUT 1 "enable";
    .port_info 3 /INPUT 8 "BusMuxOut";
    .port_info 4 /OUTPUT 8 "BusMuxIn";
P_0x147713db0 .param/l "DATA_WIDTH_IN" 0 4 1, +C4<00000000000000000000000000001000>;
P_0x147713df0 .param/l "DATA_WIDTH_OUT" 0 4 1, +C4<00000000000000000000000000001000>;
P_0x147713e30 .param/l "INIT" 0 4 1, C4<00000000>;
L_0x147737a60 .functor BUFZ 8, v0x1477342e0_0, C4<00000000>, C4<00000000>, C4<00000000>;
v0x1477204a0_0 .net "BusMuxIn", 7 0, L_0x147737a60;  alias, 1 drivers
v0x147734020_0 .net "BusMuxOut", 7 0, v0x147737660_0;  alias, 1 drivers
v0x1477340c0_0 .net "clear", 0 0, v0x147737730_0;  alias, 1 drivers
v0x147734170_0 .net "clock", 0 0, v0x1477378c0_0;  alias, 1 drivers
v0x147734200_0 .net "enable", 0 0, v0x147737180_0;  alias, 1 drivers
v0x1477342e0_0 .var "q", 7 0;
E_0x147705c60 .event posedge, v0x147734170_0;
S_0x147734410 .scope module, "RB" "register" 3 14, 4 1 0, S_0x14771fb90;
 .timescale -9 -11;
    .port_info 0 /INPUT 1 "clear";
    .port_info 1 /INPUT 1 "clock";
    .port_info 2 /INPUT 1 "enable";
    .port_info 3 /INPUT 8 "BusMuxOut";
    .port_info 4 /OUTPUT 8 "BusMuxIn";
P_0x1477345d0 .param/l "DATA_WIDTH_IN" 0 4 1, +C4<00000000000000000000000000001000>;
P_0x147734610 .param/l "DATA_WIDTH_OUT" 0 4 1, +C4<00000000000000000000000000001000>;
P_0x147734650 .param/l "INIT" 0 4 1, C4<00000000>;
L_0x147737ad0 .functor BUFZ 8, v0x147734be0_0, C4<00000000>, C4<00000000>, C4<00000000>;
v0x147734890_0 .net "BusMuxIn", 7 0, L_0x147737ad0;  alias, 1 drivers
v0x147734920_0 .net "BusMuxOut", 7 0, L_0x147737bb0;  alias, 1 drivers
v0x1477349b0_0 .net "clear", 0 0, v0x147737730_0;  alias, 1 drivers
v0x147734a60_0 .net "clock", 0 0, v0x1477378c0_0;  alias, 1 drivers
v0x147734b10_0 .net "enable", 0 0, v0x1477372e0_0;  alias, 1 drivers
v0x147734be0_0 .var "q", 7 0;
S_0x147734cd0 .scope module, "RZ" "register" 3 18, 4 1 0, S_0x14771fb90;
 .timescale -9 -11;
    .port_info 0 /INPUT 1 "clear";
    .port_info 1 /INPUT 1 "clock";
    .port_info 2 /INPUT 1 "enable";
    .port_info 3 /INPUT 8 "BusMuxOut";
    .port_info 4 /OUTPUT 8 "BusMuxIn";
P_0x147734e90 .param/l "DATA_WIDTH_IN" 0 4 1, +C4<00000000000000000000000000001000>;
P_0x147734ed0 .param/l "DATA_WIDTH_OUT" 0 4 1, +C4<00000000000000000000000000001000>;
P_0x147734f10 .param/l "INIT" 0 4 1, C4<00000000>;
L_0x147737b40 .functor BUFZ 8, v0x1477354e0_0, C4<00000000>, C4<00000000>, C4<00000000>;
v0x147735150_0 .net "BusMuxIn", 7 0, L_0x147737b40;  alias, 1 drivers
v0x1477351e0_0 .net "BusMuxOut", 7 0, v0x147735a40_0;  alias, 1 drivers
v0x147735270_0 .net "clear", 0 0, v0x147737730_0;  alias, 1 drivers
v0x147735340_0 .net "clock", 0 0, v0x1477378c0_0;  alias, 1 drivers
v0x147735410_0 .net "enable", 0 0, v0x1477374c0_0;  alias, 1 drivers
v0x1477354e0_0 .var "q", 7 0;
S_0x1477355c0 .scope module, "add" "adder" 3 17, 5 1 0, S_0x14771fb90;
 .timescale -9 -11;
    .port_info 0 /INPUT 8 "A";
    .port_info 1 /INPUT 8 "B";
    .port_info 2 /OUTPUT 8 "Result";
v0x147735830_0 .net "A", 7 0, v0x1477370b0_0;  alias, 1 drivers
v0x1477358f0_0 .net "B", 7 0, L_0x147737bb0;  alias, 1 drivers
v0x147735990_0 .var "LocalCarry", 8 0;
v0x147735a40_0 .var "Result", 7 0;
v0x147735af0_0 .var/i "i", 31 0;
E_0x1477357d0 .event anyedge, v0x147734920_0, v0x147735830_0;
S_0x147735c00 .scope module, "bus" "Bus" 3 21, 6 1 0, S_0x14771fb90;
 .timescale -9 -11;
    .port_info 0 /INPUT 8 "BusMuxInRZ";
    .port_info 1 /INPUT 8 "BusMuxInRA";
    .port_info 2 /INPUT 8 "BusMuxInRB";
    .port_info 3 /INPUT 1 "RZout";
    .port_info 4 /INPUT 1 "RAout";
    .port_info 5 /INPUT 1 "RBout";
    .port_info 6 /OUTPUT 8 "BusMuxOut";
L_0x147737bb0 .functor BUFZ 8, v0x147736440_0, C4<00000000>, C4<00000000>, C4<00000000>;
v0x147735f60_0 .net "BusMuxInRA", 7 0, L_0x147737a60;  alias, 1 drivers
v0x147736000_0 .net "BusMuxInRB", 7 0, L_0x147737ad0;  alias, 1 drivers
v0x1477360b0_0 .net "BusMuxInRZ", 7 0, L_0x147737b40;  alias, 1 drivers
v0x147736180_0 .net "BusMuxOut", 7 0, L_0x147737bb0;  alias, 1 drivers
v0x147736250_0 .net "RAout", 0 0, v0x147737210_0;  alias, 1 drivers
v0x147736320_0 .net "RBout", 0 0, v0x1477373b0_0;  alias, 1 drivers
v0x1477363b0_0 .net "RZout", 0 0, v0x147737590_0;  alias, 1 drivers
v0x147736440_0 .var "q", 7 0;
E_0x147735ef0/0 .event anyedge, v0x1477363b0_0, v0x147735150_0, v0x147736250_0, v0x1477204a0_0;
E_0x147735ef0/1 .event anyedge, v0x147736320_0, v0x147734890_0;
E_0x147735ef0 .event/or E_0x147735ef0/0, E_0x147735ef0/1;
    .scope S_0x147725fd0;
T_0 ;
    %pushi/vec4 0, 0, 8;
    %store/vec4 v0x1477342e0_0, 0, 8;
    %end;
    .thread T_0;
    .scope S_0x147725fd0;
T_1 ;
    %wait E_0x147705c60;
    %load/vec4 v0x1477340c0_0;
    %flag_set/vec4 8;
    %jmp/0xz  T_1.0, 8;
    %pushi/vec4 0, 0, 8;
    %assign/vec4 v0x1477342e0_0, 0;
    %jmp T_1.1;
T_1.0 ;
    %load/vec4 v0x147734200_0;
    %flag_set/vec4 8;
    %jmp/0xz  T_1.2, 8;
    %load/vec4 v0x147734020_0;
    %assign/vec4 v0x1477342e0_0, 0;
T_1.2 ;
T_1.1 ;
    %jmp T_1;
    .thread T_1;
    .scope S_0x147734410;
T_2 ;
    %pushi/vec4 0, 0, 8;
    %store/vec4 v0x147734be0_0, 0, 8;
    %end;
    .thread T_2;
    .scope S_0x147734410;
T_3 ;
    %wait E_0x147705c60;
    %load/vec4 v0x1477349b0_0;
    %flag_set/vec4 8;
    %jmp/0xz  T_3.0, 8;
    %pushi/vec4 0, 0, 8;
    %assign/vec4 v0x147734be0_0, 0;
    %jmp T_3.1;
T_3.0 ;
    %load/vec4 v0x147734b10_0;
    %flag_set/vec4 8;
    %jmp/0xz  T_3.2, 8;
    %load/vec4 v0x147734920_0;
    %assign/vec4 v0x147734be0_0, 0;
T_3.2 ;
T_3.1 ;
    %jmp T_3;
    .thread T_3;
    .scope S_0x1477355c0;
T_4 ;
    %wait E_0x1477357d0;
    %pushi/vec4 0, 0, 9;
    %store/vec4 v0x147735990_0, 0, 9;
    %pushi/vec4 0, 0, 32;
    %store/vec4 v0x147735af0_0, 0, 32;
T_4.0 ;
    %load/vec4 v0x147735af0_0;
    %cmpi/s 8, 0, 32;
    %jmp/0xz T_4.1, 5;
    %load/vec4 v0x147735830_0;
    %load/vec4 v0x147735af0_0;
    %part/s 1;
    %load/vec4 v0x1477358f0_0;
    %load/vec4 v0x147735af0_0;
    %part/s 1;
    %xor;
    %load/vec4 v0x147735990_0;
    %load/vec4 v0x147735af0_0;
    %part/s 1;
    %xor;
    %ix/getv/s 4, v0x147735af0_0;
    %store/vec4 v0x147735a40_0, 4, 1;
    %load/vec4 v0x147735830_0;
    %load/vec4 v0x147735af0_0;
    %part/s 1;
    %load/vec4 v0x1477358f0_0;
    %load/vec4 v0x147735af0_0;
    %part/s 1;
    %and;
    %load/vec4 v0x147735990_0;
    %load/vec4 v0x147735af0_0;
    %part/s 1;
    %load/vec4 v0x147735830_0;
    %load/vec4 v0x147735af0_0;
    %part/s 1;
    %load/vec4 v0x1477358f0_0;
    %load/vec4 v0x147735af0_0;
    %part/s 1;
    %or;
    %and;
    %or;
    %load/vec4 v0x147735af0_0;
    %addi 1, 0, 32;
    %ix/vec4/s 4;
    %store/vec4 v0x147735990_0, 4, 1;
    %load/vec4 v0x147735af0_0;
    %addi 1, 0, 32;
    %store/vec4 v0x147735af0_0, 0, 32;
    %jmp T_4.0;
T_4.1 ;
    %jmp T_4;
    .thread T_4, $push;
    .scope S_0x147734cd0;
T_5 ;
    %pushi/vec4 0, 0, 8;
    %store/vec4 v0x1477354e0_0, 0, 8;
    %end;
    .thread T_5;
    .scope S_0x147734cd0;
T_6 ;
    %wait E_0x147705c60;
    %load/vec4 v0x147735270_0;
    %flag_set/vec4 8;
    %jmp/0xz  T_6.0, 8;
    %pushi/vec4 0, 0, 8;
    %assign/vec4 v0x1477354e0_0, 0;
    %jmp T_6.1;
T_6.0 ;
    %load/vec4 v0x147735410_0;
    %flag_set/vec4 8;
    %jmp/0xz  T_6.2, 8;
    %load/vec4 v0x1477351e0_0;
    %assign/vec4 v0x1477354e0_0, 0;
T_6.2 ;
T_6.1 ;
    %jmp T_6;
    .thread T_6;
    .scope S_0x147735c00;
T_7 ;
    %wait E_0x147735ef0;
    %load/vec4 v0x1477363b0_0;
    %flag_set/vec4 8;
    %jmp/0xz  T_7.0, 8;
    %load/vec4 v0x1477360b0_0;
    %store/vec4 v0x147736440_0, 0, 8;
    %jmp T_7.1;
T_7.0 ;
    %load/vec4 v0x147736250_0;
    %flag_set/vec4 8;
    %jmp/0xz  T_7.2, 8;
    %load/vec4 v0x147735f60_0;
    %store/vec4 v0x147736440_0, 0, 8;
    %jmp T_7.3;
T_7.2 ;
    %load/vec4 v0x147736320_0;
    %flag_set/vec4 8;
    %jmp/0xz  T_7.4, 8;
    %load/vec4 v0x147736000_0;
    %store/vec4 v0x147736440_0, 0, 8;
T_7.4 ;
T_7.3 ;
T_7.1 ;
    %jmp T_7;
    .thread T_7, $push;
    .scope S_0x147721d80;
T_8 ;
    %pushi/vec4 0, 0, 1;
    %store/vec4 v0x1477378c0_0, 0, 1;
    %pushi/vec4 1, 0, 4;
    %store/vec4 v0x1477379d0_0, 0, 4;
    %end;
    .thread T_8;
    .scope S_0x147721d80;
T_9 ;
    %delay 1000, 0;
    %load/vec4 v0x1477378c0_0;
    %inv;
    %store/vec4 v0x1477378c0_0, 0, 1;
    %jmp T_9;
    .thread T_9;
    .scope S_0x147721d80;
T_10 ;
    %wait E_0x147705db0;
    %load/vec4 v0x1477379d0_0;
    %addi 1, 0, 4;
    %store/vec4 v0x1477379d0_0, 0, 4;
    %jmp T_10;
    .thread T_10;
    .scope S_0x147721d80;
T_11 ;
    %wait E_0x147706af0;
    %load/vec4 v0x1477379d0_0;
    %dup/vec4;
    %pushi/vec4 1, 0, 4;
    %cmp/u;
    %jmp/1 T_11.0, 6;
    %dup/vec4;
    %pushi/vec4 2, 0, 4;
    %cmp/u;
    %jmp/1 T_11.1, 6;
    %dup/vec4;
    %pushi/vec4 3, 0, 4;
    %cmp/u;
    %jmp/1 T_11.2, 6;
    %dup/vec4;
    %pushi/vec4 4, 0, 4;
    %cmp/u;
    %jmp/1 T_11.3, 6;
    %jmp T_11.4;
T_11.0 ;
    %pushi/vec4 1, 0, 1;
    %assign/vec4 v0x147737730_0, 0;
    %pushi/vec4 0, 0, 8;
    %assign/vec4 v0x1477370b0_0, 0;
    %pushi/vec4 0, 0, 8;
    %assign/vec4 v0x147737660_0, 0;
    %pushi/vec4 0, 0, 1;
    %assign/vec4 v0x147737590_0, 0;
    %pushi/vec4 0, 0, 1;
    %assign/vec4 v0x147737210_0, 0;
    %pushi/vec4 0, 0, 1;
    %assign/vec4 v0x1477373b0_0, 0;
    %pushi/vec4 0, 0, 1;
    %assign/vec4 v0x147737180_0, 0;
    %pushi/vec4 0, 0, 1;
    %assign/vec4 v0x1477372e0_0, 0;
    %pushi/vec4 0, 0, 1;
    %assign/vec4 v0x1477374c0_0, 0;
    %delay 1500, 0;
    %pushi/vec4 0, 0, 1;
    %assign/vec4 v0x147737730_0, 0;
    %jmp T_11.4;
T_11.1 ;
    %pushi/vec4 5, 0, 8;
    %assign/vec4 v0x147737660_0, 0;
    %pushi/vec4 1, 0, 1;
    %assign/vec4 v0x147737180_0, 0;
    %delay 1500, 0;
    %pushi/vec4 0, 0, 8;
    %assign/vec4 v0x147737660_0, 0;
    %pushi/vec4 0, 0, 1;
    %assign/vec4 v0x147737180_0, 0;
    %jmp T_11.4;
T_11.2 ;
    %pushi/vec4 1, 0, 1;
    %assign/vec4 v0x147737210_0, 0;
    %pushi/vec4 5, 0, 8;
    %assign/vec4 v0x1477370b0_0, 0;
    %pushi/vec4 1, 0, 1;
    %assign/vec4 v0x1477374c0_0, 0;
    %delay 1500, 0;
    %pushi/vec4 0, 0, 1;
    %assign/vec4 v0x147737210_0, 0;
    %pushi/vec4 0, 0, 1;
    %assign/vec4 v0x1477374c0_0, 0;
    %jmp T_11.4;
T_11.3 ;
    %pushi/vec4 1, 0, 1;
    %assign/vec4 v0x147737590_0, 0;
    %pushi/vec4 1, 0, 1;
    %assign/vec4 v0x1477372e0_0, 0;
    %delay 1500, 0;
    %pushi/vec4 0, 0, 1;
    %assign/vec4 v0x147737590_0, 0;
    %pushi/vec4 0, 0, 1;
    %assign/vec4 v0x1477372e0_0, 0;
    %jmp T_11.4;
T_11.4 ;
    %pop/vec4 1;
    %jmp T_11;
    .thread T_11, $push;
    .scope S_0x147721d80;
T_12 ;
    %vpi_call 2 53 "$dumpfile", "tutorial_tb.vcd" {0 0 0};
    %vpi_call 2 54 "$dumpvars" {0 0 0};
    %delay 8000, 0;
    %vpi_call 2 56 "$display", "Simulation complete." {0 0 0};
    %vpi_call 2 57 "$finish" {0 0 0};
    %end;
    .thread T_12;
# The file index is used to find the file name in the following table.
:file_names 7;
    "N/A";
    "<interactive>";
    "tutorial_tb.v";
    "DataPath.v";
    "register.v";
    "adder.v";
    "Bus.v";
