#! /opt/homebrew/Cellar/icarus-verilog/12.0/bin/vvp
:ivl_version "12.0 (stable)";
:ivl_delay_selection "TYPICAL";
:vpi_time_precision - 12;
:vpi_module "/opt/homebrew/Cellar/icarus-verilog/12.0/lib/ivl/system.vpi";
:vpi_module "/opt/homebrew/Cellar/icarus-verilog/12.0/lib/ivl/vhdl_sys.vpi";
:vpi_module "/opt/homebrew/Cellar/icarus-verilog/12.0/lib/ivl/vhdl_textio.vpi";
:vpi_module "/opt/homebrew/Cellar/icarus-verilog/12.0/lib/ivl/v2005_math.vpi";
:vpi_module "/opt/homebrew/Cellar/icarus-verilog/12.0/lib/ivl/va_math.vpi";
S_0x127e2a960 .scope module, "alu_tb" "alu_tb" 2 3;
 .timescale -9 -12;
P_0x127e27770 .param/l "DATA_WIDTH" 0 2 4, +C4<00000000000000000000000000100000>;
v0x127e3fde0_0 .var "a", 31 0;
v0x127e3fe70_0 .var "b", 31 0;
v0x127e40000_0 .var "control", 3 0;
v0x127e40090_0 .net "result", 31 0, v0x127e3f7e0_0;  1 drivers
S_0x127e17470 .scope module, "DUT" "ALU" 2 12, 3 1 0, S_0x127e2a960;
 .timescale -9 -12;
    .port_info 0 /INPUT 32 "a";
    .port_info 1 /INPUT 32 "b";
    .port_info 2 /INPUT 4 "control";
    .port_info 3 /OUTPUT 32 "result";
P_0x127e101a0 .param/l "DATA_WIDTH" 0 3 1, +C4<00000000000000000000000000100000>;
v0x127e3f100_0 .net "a", 31 0, v0x127e3fde0_0;  1 drivers
o0x118040880 .functor BUFZ 32, C4<zzzzzzzzzzzzzzzzzzzzzzzzzzzzzzzz>; HiZ drive
v0x127e3f190_0 .net "add_result", 31 0, o0x118040880;  0 drivers
v0x127e3f220_0 .net "and_result", 31 0, L_0x127e3e570;  1 drivers
v0x127e3f2b0_0 .net "b", 31 0, v0x127e3fe70_0;  1 drivers
v0x127e3f340_0 .net "control", 3 0, v0x127e40000_0;  1 drivers
o0x1180408e0 .functor BUFZ 32, C4<zzzzzzzzzzzzzzzzzzzzzzzzzzzzzzzz>; HiZ drive
v0x127e3f420_0 .net "div_result", 31 0, o0x1180408e0;  0 drivers
o0x118040910 .functor BUFZ 32, C4<zzzzzzzzzzzzzzzzzzzzzzzzzzzzzzzz>; HiZ drive
v0x127e3f4d0_0 .net "mul_result", 31 0, o0x118040910;  0 drivers
v0x127e3f580_0 .net "neg_result", 31 0, L_0x127e40e90;  1 drivers
v0x127e3f620_0 .net "not_result", 31 0, L_0x127e40fd0;  1 drivers
v0x127e3f750_0 .net "or_result", 31 0, L_0x127e40180;  1 drivers
v0x127e3f7e0_0 .var "result", 31 0;
v0x127e3f870_0 .net "rol_result", 31 0, L_0x127e40d60;  1 drivers
v0x127e3f920_0 .net "ror_result", 31 0, L_0x127e408b0;  1 drivers
v0x127e3f9d0_0 .net "shl_result", 31 0, L_0x127e403f0;  1 drivers
v0x127e3fa80_0 .net "shr_result", 31 0, L_0x127e40230;  1 drivers
v0x127e3fb30_0 .net "shra_result", 31 0, L_0x127e40310;  1 drivers
o0x118040970 .functor BUFZ 32, C4<zzzzzzzzzzzzzzzzzzzzzzzzzzzzzzzz>; HiZ drive
v0x127e3fbe0_0 .net "sub_result", 31 0, o0x118040970;  0 drivers
E_0x127e10ef0/0 .event anyedge, v0x127e3f340_0, v0x127e3c100_0, v0x127e3cf60_0, v0x127e3f190_0;
E_0x127e10ef0/1 .event anyedge, v0x127e3fbe0_0, v0x127e3f4d0_0, v0x127e3f420_0, v0x127e3e990_0;
E_0x127e10ef0/2 .event anyedge, v0x127e3efe0_0, v0x127e3e440_0, v0x127e3def0_0, v0x127e3d720_0;
E_0x127e10ef0/3 .event anyedge, v0x127e3c600_0, v0x127e3ca90_0;
E_0x127e10ef0 .event/or E_0x127e10ef0/0, E_0x127e10ef0/1, E_0x127e10ef0/2, E_0x127e10ef0/3;
S_0x127e175e0 .scope module, "AND" "and_op" 3 10, 4 1 0, S_0x127e17470;
 .timescale -9 -12;
    .port_info 0 /INPUT 32 "a";
    .port_info 1 /INPUT 32 "b";
    .port_info 2 /OUTPUT 32 "data_out";
P_0x127e11b80 .param/l "DATA_WIDTH" 0 4 1, +C4<00000000000000000000000000100000>;
L_0x127e3e570 .functor AND 32, v0x127e3fde0_0, v0x127e3fe70_0, C4<11111111111111111111111111111111>, C4<11111111111111111111111111111111>;
v0x127e0ed70_0 .net "a", 31 0, v0x127e3fde0_0;  alias, 1 drivers
v0x127e3c060_0 .net "b", 31 0, v0x127e3fe70_0;  alias, 1 drivers
v0x127e3c100_0 .net "data_out", 31 0, L_0x127e3e570;  alias, 1 drivers
S_0x127e3c1a0 .scope module, "NEG" "neg" 3 68, 5 1 0, S_0x127e17470;
 .timescale -9 -12;
    .port_info 0 /INPUT 32 "data_in";
    .port_info 1 /OUTPUT 32 "data_out";
P_0x127e3c370 .param/l "DATA_WIDTH" 0 5 1, +C4<00000000000000000000000000100000>;
L_0x1180780a0 .functor BUFT 1, C4<00000000000000000000000000000000>, C4<0>, C4<0>, C4<0>;
v0x127e3c4a0_0 .net *"_ivl_0", 31 0, L_0x1180780a0;  1 drivers
v0x127e3c560_0 .net "data_in", 31 0, v0x127e3fde0_0;  alias, 1 drivers
v0x127e3c600_0 .net "data_out", 31 0, L_0x127e40e90;  alias, 1 drivers
L_0x127e40e90 .arith/sub 32, L_0x1180780a0, v0x127e3fde0_0;
S_0x127e3c690 .scope module, "NOT" "not_op" 3 73, 6 1 0, S_0x127e17470;
 .timescale -9 -12;
    .port_info 0 /INPUT 32 "data_in";
    .port_info 1 /OUTPUT 32 "data_out";
P_0x127e3c870 .param/l "DATA_WIDTH" 0 6 1, +C4<00000000000000000000000000100000>;
L_0x127e40fd0 .functor NOT 32, v0x127e3fde0_0, C4<00000000000000000000000000000000>, C4<00000000000000000000000000000000>, C4<00000000000000000000000000000000>;
v0x127e3c9c0_0 .net "data_in", 31 0, v0x127e3fde0_0;  alias, 1 drivers
v0x127e3ca90_0 .net "data_out", 31 0, L_0x127e40fd0;  alias, 1 drivers
S_0x127e3cb20 .scope module, "OR" "or_op" 3 16, 7 1 0, S_0x127e17470;
 .timescale -9 -12;
    .port_info 0 /INPUT 32 "a";
    .port_info 1 /INPUT 32 "b";
    .port_info 2 /OUTPUT 32 "data_out";
P_0x127e3cc90 .param/l "DATA_WIDTH" 0 7 1, +C4<00000000000000000000000000100000>;
L_0x127e40180 .functor OR 32, v0x127e3fde0_0, v0x127e3fe70_0, C4<00000000000000000000000000000000>, C4<00000000000000000000000000000000>;
v0x127e3ce20_0 .net "a", 31 0, v0x127e3fde0_0;  alias, 1 drivers
v0x127e3cec0_0 .net "b", 31 0, v0x127e3fe70_0;  alias, 1 drivers
v0x127e3cf60_0 .net "data_out", 31 0, L_0x127e40180;  alias, 1 drivers
S_0x127e3d000 .scope module, "ROL" "rol" 3 62, 8 1 0, S_0x127e17470;
 .timescale -9 -12;
    .port_info 0 /INPUT 32 "data_in";
    .port_info 1 /INPUT 32 "rotate_amount";
    .port_info 2 /OUTPUT 32 "data_out";
P_0x127e3d200 .param/l "DATA_WIDTH" 0 8 1, +C4<00000000000000000000000000100000>;
L_0x127e40d60 .functor OR 32, L_0x127e409e0, L_0x127e40c80, C4<00000000000000000000000000000000>, C4<00000000000000000000000000000000>;
v0x127e3d350_0 .net *"_ivl_0", 31 0, L_0x127e409e0;  1 drivers
L_0x118078058 .functor BUFT 1, C4<00000000000000000000000000100000>, C4<0>, C4<0>, C4<0>;
v0x127e3d410_0 .net/2u *"_ivl_2", 31 0, L_0x118078058;  1 drivers
v0x127e3d4b0_0 .net *"_ivl_4", 31 0, L_0x127e3ff00;  1 drivers
v0x127e3d540_0 .net *"_ivl_6", 31 0, L_0x127e40c80;  1 drivers
v0x127e3d5d0_0 .net "data_in", 31 0, v0x127e3fde0_0;  alias, 1 drivers
v0x127e3d720_0 .net "data_out", 31 0, L_0x127e40d60;  alias, 1 drivers
v0x127e3d7b0_0 .net "rotate_amount", 31 0, v0x127e3fe70_0;  alias, 1 drivers
L_0x127e409e0 .shift/l 32, v0x127e3fde0_0, v0x127e3fe70_0;
L_0x127e3ff00 .arith/sub 32, L_0x118078058, v0x127e3fe70_0;
L_0x127e40c80 .shift/r 32, v0x127e3fde0_0, L_0x127e3ff00;
S_0x127e3d870 .scope module, "ROR" "ror" 3 56, 9 1 0, S_0x127e17470;
 .timescale -9 -12;
    .port_info 0 /INPUT 32 "data_in";
    .port_info 1 /INPUT 32 "rotate_amount";
    .port_info 2 /OUTPUT 32 "data_out";
P_0x127e3da30 .param/l "DATA_WIDTH" 0 9 1, +C4<00000000000000000000000000100000>;
L_0x127e408b0 .functor OR 32, L_0x127e404d0, L_0x127e407d0, C4<00000000000000000000000000000000>, C4<00000000000000000000000000000000>;
v0x127e3dba0_0 .net *"_ivl_0", 31 0, L_0x127e404d0;  1 drivers
L_0x118078010 .functor BUFT 1, C4<00000000000000000000000000100000>, C4<0>, C4<0>, C4<0>;
v0x127e3dc60_0 .net/2u *"_ivl_2", 31 0, L_0x118078010;  1 drivers
v0x127e3dd00_0 .net *"_ivl_4", 31 0, L_0x127e3ef10;  1 drivers
v0x127e3dd90_0 .net *"_ivl_6", 31 0, L_0x127e407d0;  1 drivers
v0x127e3de20_0 .net "data_in", 31 0, v0x127e3fde0_0;  alias, 1 drivers
v0x127e3def0_0 .net "data_out", 31 0, L_0x127e408b0;  alias, 1 drivers
v0x127e3df90_0 .net "rotate_amount", 31 0, v0x127e3fe70_0;  alias, 1 drivers
L_0x127e404d0 .shift/r 32, v0x127e3fde0_0, v0x127e3fe70_0;
L_0x127e3ef10 .arith/sub 32, L_0x118078010, v0x127e3fe70_0;
L_0x127e407d0 .shift/l 32, v0x127e3fde0_0, L_0x127e3ef10;
S_0x127e3e060 .scope module, "SHL" "shl" 3 50, 10 1 0, S_0x127e17470;
 .timescale -9 -12;
    .port_info 0 /INPUT 32 "data_in";
    .port_info 1 /INPUT 32 "shift_amount";
    .port_info 2 /OUTPUT 32 "data_out";
P_0x127e3e220 .param/l "DATA_WIDTH" 0 10 1, +C4<00000000000000000000000000100000>;
v0x127e3e390_0 .net "data_in", 31 0, v0x127e3fde0_0;  alias, 1 drivers
v0x127e3e440_0 .net "data_out", 31 0, L_0x127e403f0;  alias, 1 drivers
v0x127e3e4e0_0 .net "shift_amount", 31 0, v0x127e3fe70_0;  alias, 1 drivers
L_0x127e403f0 .shift/l 32, v0x127e3fde0_0, v0x127e3fe70_0;
S_0x127e3e5f0 .scope module, "SHR" "shr" 3 38, 11 1 0, S_0x127e17470;
 .timescale -9 -12;
    .port_info 0 /INPUT 32 "data_in";
    .port_info 1 /INPUT 32 "shift_amount";
    .port_info 2 /OUTPUT 32 "data_out";
P_0x127e3ca50 .param/l "DATA_WIDTH" 0 11 1, +C4<00000000000000000000000000100000>;
v0x127e3e8e0_0 .net "data_in", 31 0, v0x127e3fde0_0;  alias, 1 drivers
v0x127e3e990_0 .net "data_out", 31 0, L_0x127e40230;  alias, 1 drivers
v0x127e3ea30_0 .net "shift_amount", 31 0, v0x127e3fe70_0;  alias, 1 drivers
L_0x127e40230 .shift/r 32, v0x127e3fde0_0, v0x127e3fe70_0;
S_0x127e3eac0 .scope module, "SHRA" "shra" 3 44, 12 1 0, S_0x127e17470;
 .timescale -9 -12;
    .port_info 0 /INPUT 32 "data_in";
    .port_info 1 /INPUT 32 "shift_amount";
    .port_info 2 /OUTPUT 32 "data_out";
P_0x127e3d1c0 .param/l "DATA_WIDTH" 0 12 1, +C4<00000000000000000000000000100000>;
v0x127e3ee30_0 .net "data_in", 31 0, v0x127e3fde0_0;  alias, 1 drivers
v0x127e3efe0_0 .net "data_out", 31 0, L_0x127e40310;  alias, 1 drivers
v0x127e3f070_0 .net "shift_amount", 31 0, v0x127e3fe70_0;  alias, 1 drivers
L_0x127e40310 .shift/r 32, v0x127e3fde0_0, v0x127e3fe70_0;
    .scope S_0x127e17470;
T_0 ;
    %wait E_0x127e10ef0;
    %load/vec4 v0x127e3f340_0;
    %dup/vec4;
    %pushi/vec4 0, 0, 4;
    %cmp/u;
    %jmp/1 T_0.0, 6;
    %dup/vec4;
    %pushi/vec4 1, 0, 4;
    %cmp/u;
    %jmp/1 T_0.1, 6;
    %dup/vec4;
    %pushi/vec4 2, 0, 4;
    %cmp/u;
    %jmp/1 T_0.2, 6;
    %dup/vec4;
    %pushi/vec4 3, 0, 4;
    %cmp/u;
    %jmp/1 T_0.3, 6;
    %dup/vec4;
    %pushi/vec4 4, 0, 4;
    %cmp/u;
    %jmp/1 T_0.4, 6;
    %dup/vec4;
    %pushi/vec4 5, 0, 4;
    %cmp/u;
    %jmp/1 T_0.5, 6;
    %dup/vec4;
    %pushi/vec4 6, 0, 4;
    %cmp/u;
    %jmp/1 T_0.6, 6;
    %dup/vec4;
    %pushi/vec4 7, 0, 4;
    %cmp/u;
    %jmp/1 T_0.7, 6;
    %dup/vec4;
    %pushi/vec4 8, 0, 4;
    %cmp/u;
    %jmp/1 T_0.8, 6;
    %dup/vec4;
    %pushi/vec4 9, 0, 4;
    %cmp/u;
    %jmp/1 T_0.9, 6;
    %dup/vec4;
    %pushi/vec4 10, 0, 4;
    %cmp/u;
    %jmp/1 T_0.10, 6;
    %dup/vec4;
    %pushi/vec4 11, 0, 4;
    %cmp/u;
    %jmp/1 T_0.11, 6;
    %dup/vec4;
    %pushi/vec4 12, 0, 4;
    %cmp/u;
    %jmp/1 T_0.12, 6;
    %pushi/vec4 0, 0, 32;
    %store/vec4 v0x127e3f7e0_0, 0, 32;
    %jmp T_0.14;
T_0.0 ;
    %load/vec4 v0x127e3f220_0;
    %store/vec4 v0x127e3f7e0_0, 0, 32;
    %jmp T_0.14;
T_0.1 ;
    %load/vec4 v0x127e3f750_0;
    %store/vec4 v0x127e3f7e0_0, 0, 32;
    %jmp T_0.14;
T_0.2 ;
    %load/vec4 v0x127e3f190_0;
    %store/vec4 v0x127e3f7e0_0, 0, 32;
    %jmp T_0.14;
T_0.3 ;
    %load/vec4 v0x127e3fbe0_0;
    %store/vec4 v0x127e3f7e0_0, 0, 32;
    %jmp T_0.14;
T_0.4 ;
    %load/vec4 v0x127e3f4d0_0;
    %store/vec4 v0x127e3f7e0_0, 0, 32;
    %jmp T_0.14;
T_0.5 ;
    %load/vec4 v0x127e3f420_0;
    %store/vec4 v0x127e3f7e0_0, 0, 32;
    %jmp T_0.14;
T_0.6 ;
    %load/vec4 v0x127e3fa80_0;
    %store/vec4 v0x127e3f7e0_0, 0, 32;
    %jmp T_0.14;
T_0.7 ;
    %load/vec4 v0x127e3fb30_0;
    %store/vec4 v0x127e3f7e0_0, 0, 32;
    %jmp T_0.14;
T_0.8 ;
    %load/vec4 v0x127e3f9d0_0;
    %store/vec4 v0x127e3f7e0_0, 0, 32;
    %jmp T_0.14;
T_0.9 ;
    %load/vec4 v0x127e3f920_0;
    %store/vec4 v0x127e3f7e0_0, 0, 32;
    %jmp T_0.14;
T_0.10 ;
    %load/vec4 v0x127e3f870_0;
    %store/vec4 v0x127e3f7e0_0, 0, 32;
    %jmp T_0.14;
T_0.11 ;
    %load/vec4 v0x127e3f580_0;
    %store/vec4 v0x127e3f7e0_0, 0, 32;
    %jmp T_0.14;
T_0.12 ;
    %load/vec4 v0x127e3f620_0;
    %store/vec4 v0x127e3f7e0_0, 0, 32;
    %jmp T_0.14;
T_0.14 ;
    %pop/vec4 1;
    %jmp T_0;
    .thread T_0, $push;
    .scope S_0x127e2a960;
T_1 ;
    %vpi_call 2 20 "$display", "Starting ALU Testbench..." {0 0 0};
    %pushi/vec4 252645135, 0, 32;
    %store/vec4 v0x127e3fde0_0, 0, 32;
    %pushi/vec4 16711935, 0, 32;
    %store/vec4 v0x127e3fe70_0, 0, 32;
    %pushi/vec4 0, 0, 4;
    %store/vec4 v0x127e40000_0, 0, 4;
    %delay 10000, 0;
    %vpi_call 2 27 "$display", "AND Operation: A=%h, B=%h, Result=%h", v0x127e3fde0_0, v0x127e3fe70_0, v0x127e40090_0 {0 0 0};
    %pushi/vec4 1, 0, 4;
    %store/vec4 v0x127e40000_0, 0, 4;
    %delay 10000, 0;
    %vpi_call 2 32 "$display", "OR Operation: A=%h, B=%h, Result=%h", v0x127e3fde0_0, v0x127e3fe70_0, v0x127e40090_0 {0 0 0};
    %pushi/vec4 152, 0, 32;
    %store/vec4 v0x127e3fde0_0, 0, 32;
    %pushi/vec4 2, 0, 32;
    %store/vec4 v0x127e3fe70_0, 0, 32;
    %pushi/vec4 6, 0, 4;
    %store/vec4 v0x127e40000_0, 0, 4;
    %delay 10000, 0;
    %vpi_call 2 61 "$display", "SHR Operation: A=%b, Shift=%d, Result=%b", v0x127e3fde0_0, v0x127e3fe70_0, v0x127e40090_0 {0 0 0};
    %pushi/vec4 4294967288, 0, 32;
    %store/vec4 v0x127e3fde0_0, 0, 32;
    %pushi/vec4 1, 0, 32;
    %store/vec4 v0x127e3fe70_0, 0, 32;
    %pushi/vec4 7, 0, 4;
    %store/vec4 v0x127e40000_0, 0, 4;
    %delay 10000, 0;
    %vpi_call 2 68 "$display", "SHRA Operation: A=%d, Shift=%d, Result=%d", v0x127e3fde0_0, v0x127e3fe70_0, v0x127e40090_0 {0 0 0};
    %pushi/vec4 25, 0, 32;
    %store/vec4 v0x127e3fde0_0, 0, 32;
    %pushi/vec4 2, 0, 32;
    %store/vec4 v0x127e3fe70_0, 0, 32;
    %pushi/vec4 8, 0, 4;
    %store/vec4 v0x127e40000_0, 0, 4;
    %delay 10000, 0;
    %vpi_call 2 75 "$display", "SHL Operation: A=%b, Shift=%d, Result=%b", v0x127e3fde0_0, v0x127e3fe70_0, v0x127e40090_0 {0 0 0};
    %pushi/vec4 153, 0, 32;
    %store/vec4 v0x127e3fde0_0, 0, 32;
    %pushi/vec4 3, 0, 32;
    %store/vec4 v0x127e3fe70_0, 0, 32;
    %pushi/vec4 9, 0, 4;
    %store/vec4 v0x127e40000_0, 0, 4;
    %delay 10000, 0;
    %vpi_call 2 82 "$display", "ROR Operation: A=%b, Rotate=%d, Result=%b", v0x127e3fde0_0, v0x127e3fe70_0, v0x127e40090_0 {0 0 0};
    %pushi/vec4 10, 0, 4;
    %store/vec4 v0x127e40000_0, 0, 4;
    %delay 10000, 0;
    %vpi_call 2 87 "$display", "ROL Operation: A=%b, Rotate=%d, Result=%b", v0x127e3fde0_0, v0x127e3fe70_0, v0x127e40090_0 {0 0 0};
    %pushi/vec4 15, 0, 32;
    %store/vec4 v0x127e3fde0_0, 0, 32;
    %pushi/vec4 11, 0, 4;
    %store/vec4 v0x127e40000_0, 0, 4;
    %delay 10000, 0;
    %vpi_call 2 93 "$display", "NEG Operation: A=%d, Result=%d", v0x127e3fde0_0, v0x127e40090_0 {0 0 0};
    %pushi/vec4 4294901760, 0, 32;
    %store/vec4 v0x127e3fde0_0, 0, 32;
    %pushi/vec4 12, 0, 4;
    %store/vec4 v0x127e40000_0, 0, 4;
    %delay 10000, 0;
    %vpi_call 2 99 "$display", "NOT Operation: A=%h, Result=%h", v0x127e3fde0_0, v0x127e40090_0 {0 0 0};
    %vpi_call 2 102 "$display", "ALU Testbench Complete." {0 0 0};
    %vpi_call 2 103 "$finish" {0 0 0};
    %end;
    .thread T_1;
    .scope S_0x127e2a960;
T_2 ;
    %vpi_call 2 108 "$dumpfile", "alu_tb.vcd" {0 0 0};
    %vpi_call 2 109 "$dumpvars", 32'sb00000000000000000000000000000000, S_0x127e2a960 {0 0 0};
    %end;
    .thread T_2;
# The file index is used to find the file name in the following table.
:file_names 13;
    "N/A";
    "<interactive>";
    "alu_tb.v";
    "ALU.v";
    "and_op.v";
    "neg.v";
    "not_op.v";
    "or_op.v";
    "rol.v";
    "ror.v";
    "shl.v";
    "shr.v";
    "shra.v";
