#! /opt/homebrew/Cellar/icarus-verilog/12.0/bin/vvp
:ivl_version "12.0 (stable)";
:ivl_delay_selection "TYPICAL";
:vpi_time_precision - 11;
:vpi_module "/opt/homebrew/Cellar/icarus-verilog/12.0/lib/ivl/system.vpi";
:vpi_module "/opt/homebrew/Cellar/icarus-verilog/12.0/lib/ivl/vhdl_sys.vpi";
:vpi_module "/opt/homebrew/Cellar/icarus-verilog/12.0/lib/ivl/vhdl_textio.vpi";
:vpi_module "/opt/homebrew/Cellar/icarus-verilog/12.0/lib/ivl/v2005_math.vpi";
:vpi_module "/opt/homebrew/Cellar/icarus-verilog/12.0/lib/ivl/va_math.vpi";
S_0x13760d1f0 .scope module, "MDR" "MDR" 2 1;
 .timescale -9 -11;
    .port_info 0 /INPUT 32 "BusMuxOut";
    .port_info 1 /INPUT 32 "Mdatain";
    .port_info 2 /INPUT 1 "Clock";
    .port_info 3 /INPUT 1 "Clear";
    .port_info 4 /INPUT 1 "MDRin";
    .port_info 5 /INPUT 1 "Read";
    .port_info 6 /OUTPUT 32 "BusMuxIn_MDR";
P_0x6000003dafc0 .param/l "DATA_WIDTH" 0 2 1, +C4<00000000000000000000000000100000>;
v0x6000024dcf30_0 .var "BusMuxIn_MDR", 31 0;
o0x138040040 .functor BUFZ 32, C4<zzzzzzzzzzzzzzzzzzzzzzzzzzzzzzzz>; HiZ drive
v0x6000024dce10_0 .net "BusMuxOut", 31 0, o0x138040040;  0 drivers
o0x138040070 .functor BUFZ 1, C4<z>; HiZ drive
v0x6000024dccf0_0 .net "Clear", 0 0, o0x138040070;  0 drivers
o0x1380400a0 .functor BUFZ 1, C4<z>; HiZ drive
v0x6000024dcbd0_0 .net "Clock", 0 0, o0x1380400a0;  0 drivers
v0x6000024dcab0_0 .var "MDMuxout", 31 0;
o0x138040100 .functor BUFZ 1, C4<z>; HiZ drive
v0x6000024dc990_0 .net "MDRin", 0 0, o0x138040100;  0 drivers
o0x138040130 .functor BUFZ 32, C4<zzzzzzzzzzzzzzzzzzzzzzzzzzzzzzzz>; HiZ drive
v0x6000024dc870_0 .net "Mdatain", 31 0, o0x138040130;  0 drivers
o0x138040160 .functor BUFZ 1, C4<z>; HiZ drive
v0x6000024dc750_0 .net "Read", 0 0, o0x138040160;  0 drivers
E_0x6000003db3c0 .event posedge, v0x6000024dcbd0_0;
E_0x6000003db400 .event anyedge, v0x6000024dc750_0, v0x6000024dce10_0, v0x6000024dc870_0;
S_0x137604b80 .scope module, "datapath_tb" "datapath_tb" 3 3;
 .timescale -9 -11;
P_0x137613c20 .param/l "Default" 0 3 9, C4<0000>;
P_0x137613c60 .param/l "Reg_load1a" 0 3 9, C4<0001>;
P_0x137613ca0 .param/l "Reg_load1b" 0 3 9, C4<0010>;
P_0x137613ce0 .param/l "Reg_load2a" 0 3 9, C4<0011>;
P_0x137613d20 .param/l "Reg_load2b" 0 3 10, C4<0100>;
P_0x137613d60 .param/l "Reg_load3a" 0 3 10, C4<0101>;
P_0x137613da0 .param/l "Reg_load3b" 0 3 10, C4<0110>;
P_0x137613de0 .param/l "T0" 0 3 10, C4<0111>;
P_0x137613e20 .param/l "T1" 0 3 11, C4<1000>;
P_0x137613e60 .param/l "T2" 0 3 11, C4<1001>;
P_0x137613ea0 .param/l "T3" 0 3 11, C4<1010>;
P_0x137613ee0 .param/l "T4" 0 3 11, C4<1011>;
P_0x137613f20 .param/l "T5" 0 3 11, C4<1100>;
v0x6000024d82d0_0 .var "AND", 0 0;
v0x6000024d8360_0 .var "Clear", 0 0;
v0x6000024d83f0_0 .var "Clock", 0 0;
v0x6000024d8480_0 .var "IRin", 0 0;
v0x6000024d8510_0 .var "IncPC", 0 0;
v0x6000024d85a0_0 .var "MARin", 0 0;
v0x6000024d8630_0 .var "MDRin", 0 0;
v0x6000024d86c0_0 .var "MDRout", 0 0;
v0x6000024d8750_0 .var "Mdatain", 31 0;
v0x6000024d87e0_0 .var "PCin", 0 0;
v0x6000024d8870_0 .var "PCout", 0 0;
v0x6000024d8900_0 .var "Present_state", 3 0;
v0x6000024d8990_0 .var "R3in", 0 0;
v0x6000024d8a20_0 .var "R3out", 0 0;
v0x6000024d8ab0_0 .var "R4in", 0 0;
v0x6000024d8b40_0 .var "R7in", 0 0;
v0x6000024d8bd0_0 .var "R7out", 0 0;
v0x6000024d8c60_0 .var "Read", 0 0;
v0x6000024d8cf0_0 .var "Yin", 0 0;
v0x6000024d8d80_0 .var "Zin", 0 0;
v0x6000024d8e10_0 .var "Zlowout", 0 0;
E_0x6000003db040 .event anyedge, v0x6000024d8900_0;
E_0x6000003db4c0 .event posedge, v0x6000024ded00_0;
S_0x137604cf0 .scope module, "DUT" "DataPath" 3 13, 4 1 0, S_0x137604b80;
 .timescale -9 -11;
    .port_info 0 /INPUT 1 "Clock";
    .port_info 1 /INPUT 1 "Clear";
    .port_info 2 /INPUT 1 "R3in";
    .port_info 3 /INPUT 1 "R4in";
    .port_info 4 /INPUT 1 "R7in";
    .port_info 5 /INPUT 1 "Zin";
    .port_info 6 /INPUT 1 "PCin";
    .port_info 7 /INPUT 1 "MDRin";
    .port_info 8 /INPUT 1 "IRin";
    .port_info 9 /INPUT 1 "Yin";
    .port_info 10 /INPUT 1 "MARin";
    .port_info 11 /INPUT 1 "IncPC";
    .port_info 12 /INPUT 1 "Read";
    .port_info 13 /INPUT 1 "AND";
    .port_info 14 /INPUT 32 "Mdatain";
    .port_info 15 /INPUT 1 "R0out";
    .port_info 16 /INPUT 1 "R1out";
    .port_info 17 /INPUT 1 "R2out";
    .port_info 18 /INPUT 1 "R3out";
    .port_info 19 /INPUT 1 "R4out";
    .port_info 20 /INPUT 1 "R5out";
    .port_info 21 /INPUT 1 "R6out";
    .port_info 22 /INPUT 1 "R7out";
    .port_info 23 /INPUT 1 "R8out";
    .port_info 24 /INPUT 1 "R9out";
    .port_info 25 /INPUT 1 "R10out";
    .port_info 26 /INPUT 1 "R11out";
    .port_info 27 /INPUT 1 "R12out";
    .port_info 28 /INPUT 1 "R13out";
    .port_info 29 /INPUT 1 "R14out";
    .port_info 30 /INPUT 1 "R15out";
    .port_info 31 /INPUT 1 "PCout";
    .port_info 32 /INPUT 1 "Zlowout";
    .port_info 33 /INPUT 1 "MDRout";
P_0x6000003db500 .param/l "DATA_WIDTH" 0 4 1, +C4<00000000000000000000000000100000>;
v0x6000024debe0_0 .net "AND", 0 0, v0x6000024d82d0_0;  1 drivers
v0x6000024dec70_0 .net "Clear", 0 0, v0x6000024d8360_0;  1 drivers
v0x6000024ded00_0 .net "Clock", 0 0, v0x6000024d83f0_0;  1 drivers
v0x6000024ded90_0 .net "IRin", 0 0, v0x6000024d8480_0;  1 drivers
v0x6000024dee20_0 .net "IncPC", 0 0, v0x6000024d8510_0;  1 drivers
v0x6000024deeb0_0 .net "MARin", 0 0, v0x6000024d85a0_0;  1 drivers
v0x6000024def40_0 .net "MDRin", 0 0, v0x6000024d8630_0;  1 drivers
v0x6000024defd0_0 .net "MDRout", 0 0, v0x6000024d86c0_0;  1 drivers
v0x6000024df060_0 .net "Mdatain", 31 0, v0x6000024d8750_0;  1 drivers
v0x6000024df0f0_0 .net "PCin", 0 0, v0x6000024d87e0_0;  1 drivers
v0x6000024df180_0 .net "PCout", 0 0, v0x6000024d8870_0;  1 drivers
o0x138041660 .functor BUFZ 1, C4<z>; HiZ drive
v0x6000024df210_0 .net "R0out", 0 0, o0x138041660;  0 drivers
o0x138041690 .functor BUFZ 1, C4<z>; HiZ drive
v0x6000024df2a0_0 .net "R10out", 0 0, o0x138041690;  0 drivers
o0x1380416c0 .functor BUFZ 1, C4<z>; HiZ drive
v0x6000024df330_0 .net "R11out", 0 0, o0x1380416c0;  0 drivers
o0x1380416f0 .functor BUFZ 1, C4<z>; HiZ drive
v0x6000024df3c0_0 .net "R12out", 0 0, o0x1380416f0;  0 drivers
o0x138041720 .functor BUFZ 1, C4<z>; HiZ drive
v0x6000024df450_0 .net "R13out", 0 0, o0x138041720;  0 drivers
o0x138041750 .functor BUFZ 1, C4<z>; HiZ drive
v0x6000024df4e0_0 .net "R14out", 0 0, o0x138041750;  0 drivers
o0x138041780 .functor BUFZ 1, C4<z>; HiZ drive
v0x6000024df570_0 .net "R15out", 0 0, o0x138041780;  0 drivers
o0x1380417b0 .functor BUFZ 1, C4<z>; HiZ drive
v0x6000024df600_0 .net "R1out", 0 0, o0x1380417b0;  0 drivers
o0x1380417e0 .functor BUFZ 1, C4<z>; HiZ drive
v0x6000024df690_0 .net "R2out", 0 0, o0x1380417e0;  0 drivers
v0x6000024df720_0 .net "R3", 31 0, v0x6000024de520_0;  1 drivers
v0x6000024df7b0_0 .net "R3in", 0 0, v0x6000024d8990_0;  1 drivers
v0x6000024df840_0 .net "R3out", 0 0, v0x6000024d8a20_0;  1 drivers
v0x6000024df8d0_0 .net "R4", 31 0, v0x6000024de7f0_0;  1 drivers
v0x6000024df960_0 .net "R4in", 0 0, v0x6000024d8ab0_0;  1 drivers
o0x138041840 .functor BUFZ 1, C4<z>; HiZ drive
v0x6000024df9f0_0 .net "R4out", 0 0, o0x138041840;  0 drivers
o0x138041870 .functor BUFZ 1, C4<z>; HiZ drive
v0x6000024dfa80_0 .net "R5out", 0 0, o0x138041870;  0 drivers
o0x1380418a0 .functor BUFZ 1, C4<z>; HiZ drive
v0x6000024dfb10_0 .net "R6out", 0 0, o0x1380418a0;  0 drivers
v0x6000024dfba0_0 .net "R7", 31 0, v0x6000024deac0_0;  1 drivers
v0x6000024dfc30_0 .net "R7in", 0 0, v0x6000024d8b40_0;  1 drivers
v0x6000024dfcc0_0 .net "R7out", 0 0, v0x6000024d8bd0_0;  1 drivers
o0x138041900 .functor BUFZ 1, C4<z>; HiZ drive
v0x6000024dfd50_0 .net "R8out", 0 0, o0x138041900;  0 drivers
o0x138041930 .functor BUFZ 1, C4<z>; HiZ drive
v0x6000024dfde0_0 .net "R9out", 0 0, o0x138041930;  0 drivers
v0x6000024dfe70_0 .net "Read", 0 0, v0x6000024d8c60_0;  1 drivers
v0x6000024dff00_0 .net "Yin", 0 0, v0x6000024d8cf0_0;  1 drivers
v0x6000024d8000_0 .net "Zin", 0 0, v0x6000024d8d80_0;  1 drivers
v0x6000024d8090_0 .net "Zlowout", 0 0, v0x6000024d8e10_0;  1 drivers
v0x6000024d8120_0 .net "alu_result", 31 0, v0x6000024dc2d0_0;  1 drivers
o0x1380410c0 .functor BUFZ 1, C4<z>; HiZ drive
v0x6000024d81b0_0 .net "clear", 0 0, o0x1380410c0;  0 drivers
o0x1380410f0 .functor BUFZ 1, C4<z>; HiZ drive
v0x6000024d8240_0 .net "clock", 0 0, o0x1380410f0;  0 drivers
S_0x137608900 .scope module, "AND_OP" "ALU" 4 34, 5 1 0, S_0x137604cf0;
 .timescale -9 -11;
    .port_info 0 /INPUT 32 "a";
    .port_info 1 /INPUT 32 "b";
    .port_info 2 /INPUT 4 "control";
    .port_info 3 /OUTPUT 32 "result";
P_0x6000038de700 .param/l "DATA_WIDTH" 0 5 1, +C4<00000000000000000000000000100000>;
P_0x6000038de740 .param/l "INIT" 0 5 1, C4<00000000000000000000000000000000>;
v0x6000024dc630_0 .net "a", 31 0, v0x6000024de520_0;  alias, 1 drivers
v0x6000024dc510_0 .net "b", 31 0, v0x6000024deac0_0;  alias, 1 drivers
L_0x138078010 .functor BUFT 1, C4<0100>, C4<0>, C4<0>, C4<0>;
v0x6000024dc3f0_0 .net "control", 3 0, L_0x138078010;  1 drivers
v0x6000024dc2d0_0 .var "result", 31 0;
E_0x6000003db600 .event anyedge, v0x6000024dc3f0_0, v0x6000024dc630_0, v0x6000024dc510_0;
S_0x137608a70 .scope module, "bus" "Bus" 4 50, 6 1 0, S_0x137604cf0;
 .timescale -9 -11;
    .port_info 0 /INPUT 32 "R0";
    .port_info 1 /INPUT 32 "R1";
    .port_info 2 /INPUT 32 "R2";
    .port_info 3 /INPUT 32 "R3";
    .port_info 4 /INPUT 32 "R4";
    .port_info 5 /INPUT 32 "R5";
    .port_info 6 /INPUT 32 "R6";
    .port_info 7 /INPUT 32 "R7";
    .port_info 8 /INPUT 32 "R8";
    .port_info 9 /INPUT 32 "R9";
    .port_info 10 /INPUT 32 "R10";
    .port_info 11 /INPUT 32 "R11";
    .port_info 12 /INPUT 32 "R12";
    .port_info 13 /INPUT 32 "R13";
    .port_info 14 /INPUT 32 "R14";
    .port_info 15 /INPUT 32 "R15";
    .port_info 16 /INPUT 1 "R0out";
    .port_info 17 /INPUT 1 "R1out";
    .port_info 18 /INPUT 1 "R2out";
    .port_info 19 /INPUT 1 "R3out";
    .port_info 20 /INPUT 1 "R4out";
    .port_info 21 /INPUT 1 "R5out";
    .port_info 22 /INPUT 1 "R6out";
    .port_info 23 /INPUT 1 "R7out";
    .port_info 24 /INPUT 1 "R8out";
    .port_info 25 /INPUT 1 "R9out";
    .port_info 26 /INPUT 1 "R10out";
    .port_info 27 /INPUT 1 "R11out";
    .port_info 28 /INPUT 1 "R12out";
    .port_info 29 /INPUT 1 "R13out";
    .port_info 30 /INPUT 1 "R14out";
    .port_info 31 /INPUT 1 "R15out";
    .port_info 32 /OUTPUT 32 "bus_out";
P_0x6000003db640 .param/l "DATA_WIDTH" 0 6 1, +C4<00000000000000000000000000100000>;
v0x6000024dcea0_0 .net "BusMuxout", 0 0, L_0x6000027dc280;  1 drivers
L_0x138078058 .functor BUFT 1, C4<0000000000000000000000000000000z>, C4<0>, C4<0>, C4<0>;
v0x6000024dd050_0 .net "R0", 31 0, L_0x138078058;  1 drivers
o0x1380404c0 .functor BUFZ 1, C4<z>; HiZ drive
v0x6000024dd0e0_0 .net "R0out", 0 0, o0x1380404c0;  0 drivers
L_0x1380780a0 .functor BUFT 1, C4<0000000000000000000000000000000z>, C4<0>, C4<0>, C4<0>;
v0x6000024dd170_0 .net "R1", 31 0, L_0x1380780a0;  1 drivers
L_0x138078250 .functor BUFT 1, C4<0000000000000000000000000000000z>, C4<0>, C4<0>, C4<0>;
v0x6000024dd200_0 .net "R10", 31 0, L_0x138078250;  1 drivers
o0x138040550 .functor BUFZ 1, C4<z>; HiZ drive
v0x6000024dd290_0 .net "R10out", 0 0, o0x138040550;  0 drivers
L_0x138078298 .functor BUFT 1, C4<0000000000000000000000000000000z>, C4<0>, C4<0>, C4<0>;
v0x6000024dd320_0 .net "R11", 31 0, L_0x138078298;  1 drivers
o0x1380405b0 .functor BUFZ 1, C4<z>; HiZ drive
v0x6000024dd3b0_0 .net "R11out", 0 0, o0x1380405b0;  0 drivers
L_0x1380782e0 .functor BUFT 1, C4<0000000000000000000000000000000z>, C4<0>, C4<0>, C4<0>;
v0x6000024dd440_0 .net "R12", 31 0, L_0x1380782e0;  1 drivers
o0x138040610 .functor BUFZ 1, C4<z>; HiZ drive
v0x6000024dd4d0_0 .net "R12out", 0 0, o0x138040610;  0 drivers
L_0x138078328 .functor BUFT 1, C4<0000000000000000000000000000000z>, C4<0>, C4<0>, C4<0>;
v0x6000024dd560_0 .net "R13", 31 0, L_0x138078328;  1 drivers
o0x138040670 .functor BUFZ 1, C4<z>; HiZ drive
v0x6000024dd5f0_0 .net "R13out", 0 0, o0x138040670;  0 drivers
o0x1380406a0 .functor BUFZ 32, C4<zzzzzzzzzzzzzzzzzzzzzzzzzzzzzzzz>; HiZ drive
v0x6000024dd680_0 .net "R14", 31 0, o0x1380406a0;  0 drivers
o0x1380406d0 .functor BUFZ 1, C4<z>; HiZ drive
v0x6000024dd710_0 .net "R14out", 0 0, o0x1380406d0;  0 drivers
L_0x138078370 .functor BUFT 1, C4<0000000000000000000000000000000z>, C4<0>, C4<0>, C4<0>;
v0x6000024dd7a0_0 .net "R15", 31 0, L_0x138078370;  1 drivers
o0x138040730 .functor BUFZ 1, C4<z>; HiZ drive
v0x6000024dd830_0 .net "R15out", 0 0, o0x138040730;  0 drivers
o0x138040760 .functor BUFZ 1, C4<z>; HiZ drive
v0x6000024dd8c0_0 .net "R1out", 0 0, o0x138040760;  0 drivers
L_0x1380780e8 .functor BUFT 1, C4<0000000000000000000000000000000z>, C4<0>, C4<0>, C4<0>;
v0x6000024dd950_0 .net "R2", 31 0, L_0x1380780e8;  1 drivers
o0x1380407c0 .functor BUFZ 1, C4<z>; HiZ drive
v0x6000024dd9e0_0 .net "R2out", 0 0, o0x1380407c0;  0 drivers
v0x6000024dda70_0 .net "R3", 31 0, v0x6000024de520_0;  alias, 1 drivers
o0x1380407f0 .functor BUFZ 1, C4<z>; HiZ drive
v0x6000024ddb00_0 .net "R3out", 0 0, o0x1380407f0;  0 drivers
v0x6000024ddb90_0 .net "R4", 31 0, v0x6000024de7f0_0;  alias, 1 drivers
o0x138040850 .functor BUFZ 1, C4<z>; HiZ drive
v0x6000024ddc20_0 .net "R4out", 0 0, o0x138040850;  0 drivers
L_0x138078130 .functor BUFT 1, C4<0000000000000000000000000000000z>, C4<0>, C4<0>, C4<0>;
v0x6000024ddcb0_0 .net "R5", 31 0, L_0x138078130;  1 drivers
o0x1380408b0 .functor BUFZ 1, C4<z>; HiZ drive
v0x6000024ddd40_0 .net "R5out", 0 0, o0x1380408b0;  0 drivers
L_0x138078178 .functor BUFT 1, C4<0000000000000000000000000000000z>, C4<0>, C4<0>, C4<0>;
v0x6000024dddd0_0 .net "R6", 31 0, L_0x138078178;  1 drivers
o0x138040910 .functor BUFZ 1, C4<z>; HiZ drive
v0x6000024dde60_0 .net "R6out", 0 0, o0x138040910;  0 drivers
v0x6000024ddef0_0 .net "R7", 31 0, v0x6000024deac0_0;  alias, 1 drivers
o0x138040940 .functor BUFZ 1, C4<z>; HiZ drive
v0x6000024ddf80_0 .net "R7out", 0 0, o0x138040940;  0 drivers
L_0x1380781c0 .functor BUFT 1, C4<0000000000000000000000000000000z>, C4<0>, C4<0>, C4<0>;
v0x6000024de010_0 .net "R8", 31 0, L_0x1380781c0;  1 drivers
o0x1380409a0 .functor BUFZ 1, C4<z>; HiZ drive
v0x6000024de0a0_0 .net "R8out", 0 0, o0x1380409a0;  0 drivers
L_0x138078208 .functor BUFT 1, C4<0000000000000000000000000000000z>, C4<0>, C4<0>, C4<0>;
v0x6000024de130_0 .net "R9", 31 0, L_0x138078208;  1 drivers
o0x138040a00 .functor BUFZ 1, C4<z>; HiZ drive
v0x6000024de1c0_0 .net "R9out", 0 0, o0x138040a00;  0 drivers
v0x6000024de250_0 .net "bus_out", 31 0, v0x6000024d8750_0;  alias, 1 drivers
v0x6000024de2e0_0 .var "q", 31 0;
E_0x6000003db6c0/0 .event anyedge, v0x6000024dd0e0_0, v0x6000024dd050_0, v0x6000024dd8c0_0, v0x6000024dd170_0;
E_0x6000003db6c0/1 .event anyedge, v0x6000024dd9e0_0, v0x6000024dd950_0, v0x6000024ddb00_0, v0x6000024dc630_0;
E_0x6000003db6c0/2 .event anyedge, v0x6000024ddc20_0, v0x6000024ddb90_0, v0x6000024ddd40_0, v0x6000024ddcb0_0;
E_0x6000003db6c0/3 .event anyedge, v0x6000024dde60_0, v0x6000024dddd0_0, v0x6000024ddf80_0, v0x6000024dc510_0;
E_0x6000003db6c0/4 .event anyedge, v0x6000024de0a0_0, v0x6000024de010_0, v0x6000024de1c0_0, v0x6000024de130_0;
E_0x6000003db6c0/5 .event anyedge, v0x6000024dd290_0, v0x6000024dd200_0, v0x6000024dd3b0_0, v0x6000024dd320_0;
E_0x6000003db6c0/6 .event anyedge, v0x6000024dd4d0_0, v0x6000024dd440_0, v0x6000024dd5f0_0, v0x6000024dd560_0;
E_0x6000003db6c0/7 .event anyedge, v0x6000024dd710_0, v0x6000024dd680_0, v0x6000024dd830_0, v0x6000024dd7a0_0;
E_0x6000003db6c0 .event/or E_0x6000003db6c0/0, E_0x6000003db6c0/1, E_0x6000003db6c0/2, E_0x6000003db6c0/3, E_0x6000003db6c0/4, E_0x6000003db6c0/5, E_0x6000003db6c0/6, E_0x6000003db6c0/7;
L_0x6000027dc280 .part v0x6000024de2e0_0, 0, 1;
S_0x137606ee0 .scope module, "reg3" "register" 4 17, 7 1 0, S_0x137604cf0;
 .timescale -9 -11;
    .port_info 0 /INPUT 1 "clear";
    .port_info 1 /INPUT 1 "clock";
    .port_info 2 /INPUT 1 "enable";
    .port_info 3 /INPUT 32 "data_in";
    .port_info 4 /OUTPUT 32 "data_out";
P_0x6000038de680 .param/l "DATA_WIDTH" 0 7 1, +C4<00000000000000000000000000100000>;
P_0x6000038de6c0 .param/l "INIT" 0 7 1, C4<00000000000000000000000000000000>;
v0x6000024de370_0 .net "clear", 0 0, o0x1380410c0;  alias, 0 drivers
v0x6000024de400_0 .net "clock", 0 0, o0x1380410f0;  alias, 0 drivers
v0x6000024de490_0 .net "data_in", 31 0, v0x6000024d8750_0;  alias, 1 drivers
v0x6000024de520_0 .var "data_out", 31 0;
v0x6000024de5b0_0 .net "enable", 0 0, v0x6000024d8990_0;  alias, 1 drivers
E_0x6000003db780 .event posedge, v0x6000024de400_0;
S_0x137607050 .scope module, "reg4" "register" 4 41, 7 1 0, S_0x137604cf0;
 .timescale -9 -11;
    .port_info 0 /INPUT 1 "clear";
    .port_info 1 /INPUT 1 "clock";
    .port_info 2 /INPUT 1 "enable";
    .port_info 3 /INPUT 32 "data_in";
    .port_info 4 /OUTPUT 32 "data_out";
P_0x6000038de580 .param/l "DATA_WIDTH" 0 7 1, +C4<00000000000000000000000000100000>;
P_0x6000038de5c0 .param/l "INIT" 0 7 1, C4<00000000000000000000000000000000>;
v0x6000024de640_0 .net "clear", 0 0, o0x1380410c0;  alias, 0 drivers
v0x6000024de6d0_0 .net "clock", 0 0, o0x1380410f0;  alias, 0 drivers
v0x6000024de760_0 .net "data_in", 31 0, v0x6000024dc2d0_0;  alias, 1 drivers
v0x6000024de7f0_0 .var "data_out", 31 0;
v0x6000024de880_0 .net "enable", 0 0, v0x6000024d8ab0_0;  alias, 1 drivers
S_0x1376145b0 .scope module, "reg7" "register" 4 25, 7 1 0, S_0x137604cf0;
 .timescale -9 -11;
    .port_info 0 /INPUT 1 "clear";
    .port_info 1 /INPUT 1 "clock";
    .port_info 2 /INPUT 1 "enable";
    .port_info 3 /INPUT 32 "data_in";
    .port_info 4 /OUTPUT 32 "data_out";
P_0x6000038de480 .param/l "DATA_WIDTH" 0 7 1, +C4<00000000000000000000000000100000>;
P_0x6000038de4c0 .param/l "INIT" 0 7 1, C4<00000000000000000000000000000000>;
v0x6000024de910_0 .net "clear", 0 0, o0x1380410c0;  alias, 0 drivers
v0x6000024de9a0_0 .net "clock", 0 0, o0x1380410f0;  alias, 0 drivers
v0x6000024dea30_0 .net "data_in", 31 0, v0x6000024d8750_0;  alias, 1 drivers
v0x6000024deac0_0 .var "data_out", 31 0;
v0x6000024deb50_0 .net "enable", 0 0, v0x6000024d8b40_0;  alias, 1 drivers
    .scope S_0x13760d1f0;
T_0 ;
    %wait E_0x6000003db400;
    %load/vec4 v0x6000024dc750_0;
    %dup/vec4;
    %pushi/vec4 0, 0, 1;
    %cmp/u;
    %jmp/1 T_0.0, 6;
    %dup/vec4;
    %pushi/vec4 1, 0, 1;
    %cmp/u;
    %jmp/1 T_0.1, 6;
    %pushi/vec4 0, 0, 32;
    %store/vec4 v0x6000024dcab0_0, 0, 32;
    %jmp T_0.3;
T_0.0 ;
    %load/vec4 v0x6000024dce10_0;
    %store/vec4 v0x6000024dcab0_0, 0, 32;
    %jmp T_0.3;
T_0.1 ;
    %load/vec4 v0x6000024dc870_0;
    %store/vec4 v0x6000024dcab0_0, 0, 32;
    %jmp T_0.3;
T_0.3 ;
    %pop/vec4 1;
    %jmp T_0;
    .thread T_0, $push;
    .scope S_0x13760d1f0;
T_1 ;
    %wait E_0x6000003db3c0;
    %load/vec4 v0x6000024dccf0_0;
    %flag_set/vec4 8;
    %jmp/0xz  T_1.0, 8;
    %pushi/vec4 0, 0, 32;
    %assign/vec4 v0x6000024dcf30_0, 0;
    %jmp T_1.1;
T_1.0 ;
    %load/vec4 v0x6000024dc990_0;
    %flag_set/vec4 8;
    %jmp/0xz  T_1.2, 8;
    %load/vec4 v0x6000024dcab0_0;
    %assign/vec4 v0x6000024dcf30_0, 0;
T_1.2 ;
T_1.1 ;
    %jmp T_1;
    .thread T_1;
    .scope S_0x137606ee0;
T_2 ;
    %pushi/vec4 0, 0, 32;
    %store/vec4 v0x6000024de520_0, 0, 32;
    %end;
    .thread T_2;
    .scope S_0x137606ee0;
T_3 ;
    %wait E_0x6000003db780;
    %load/vec4 v0x6000024de370_0;
    %flag_set/vec4 8;
    %jmp/0xz  T_3.0, 8;
    %pushi/vec4 0, 0, 32;
    %assign/vec4 v0x6000024de520_0, 0;
    %jmp T_3.1;
T_3.0 ;
    %load/vec4 v0x6000024de5b0_0;
    %flag_set/vec4 8;
    %jmp/0xz  T_3.2, 8;
    %load/vec4 v0x6000024de490_0;
    %assign/vec4 v0x6000024de520_0, 0;
T_3.2 ;
T_3.1 ;
    %jmp T_3;
    .thread T_3;
    .scope S_0x1376145b0;
T_4 ;
    %pushi/vec4 0, 0, 32;
    %store/vec4 v0x6000024deac0_0, 0, 32;
    %end;
    .thread T_4;
    .scope S_0x1376145b0;
T_5 ;
    %wait E_0x6000003db780;
    %load/vec4 v0x6000024de910_0;
    %flag_set/vec4 8;
    %jmp/0xz  T_5.0, 8;
    %pushi/vec4 0, 0, 32;
    %assign/vec4 v0x6000024deac0_0, 0;
    %jmp T_5.1;
T_5.0 ;
    %load/vec4 v0x6000024deb50_0;
    %flag_set/vec4 8;
    %jmp/0xz  T_5.2, 8;
    %load/vec4 v0x6000024dea30_0;
    %assign/vec4 v0x6000024deac0_0, 0;
T_5.2 ;
T_5.1 ;
    %jmp T_5;
    .thread T_5;
    .scope S_0x137608900;
T_6 ;
    %wait E_0x6000003db600;
    %load/vec4 v0x6000024dc3f0_0;
    %dup/vec4;
    %pushi/vec4 0, 0, 4;
    %cmp/u;
    %jmp/1 T_6.0, 6;
    %dup/vec4;
    %pushi/vec4 1, 0, 4;
    %cmp/u;
    %jmp/1 T_6.1, 6;
    %dup/vec4;
    %pushi/vec4 2, 0, 4;
    %cmp/u;
    %jmp/1 T_6.2, 6;
    %dup/vec4;
    %pushi/vec4 3, 0, 4;
    %cmp/u;
    %jmp/1 T_6.3, 6;
    %dup/vec4;
    %pushi/vec4 4, 0, 4;
    %cmp/u;
    %jmp/1 T_6.4, 6;
    %dup/vec4;
    %pushi/vec4 5, 0, 4;
    %cmp/u;
    %jmp/1 T_6.5, 6;
    %dup/vec4;
    %pushi/vec4 6, 0, 4;
    %cmp/u;
    %jmp/1 T_6.6, 6;
    %dup/vec4;
    %pushi/vec4 7, 0, 4;
    %cmp/u;
    %jmp/1 T_6.7, 6;
    %pushi/vec4 0, 0, 32;
    %store/vec4 v0x6000024dc2d0_0, 0, 32;
    %jmp T_6.9;
T_6.0 ;
    %load/vec4 v0x6000024dc630_0;
    %load/vec4 v0x6000024dc510_0;
    %add;
    %store/vec4 v0x6000024dc2d0_0, 0, 32;
    %jmp T_6.9;
T_6.1 ;
    %load/vec4 v0x6000024dc630_0;
    %load/vec4 v0x6000024dc510_0;
    %sub;
    %store/vec4 v0x6000024dc2d0_0, 0, 32;
    %jmp T_6.9;
T_6.2 ;
    %load/vec4 v0x6000024dc630_0;
    %load/vec4 v0x6000024dc510_0;
    %mul;
    %store/vec4 v0x6000024dc2d0_0, 0, 32;
    %jmp T_6.9;
T_6.3 ;
    %load/vec4 v0x6000024dc630_0;
    %load/vec4 v0x6000024dc510_0;
    %div;
    %store/vec4 v0x6000024dc2d0_0, 0, 32;
    %jmp T_6.9;
T_6.4 ;
    %load/vec4 v0x6000024dc630_0;
    %load/vec4 v0x6000024dc510_0;
    %and;
    %store/vec4 v0x6000024dc2d0_0, 0, 32;
    %jmp T_6.9;
T_6.5 ;
    %load/vec4 v0x6000024dc630_0;
    %load/vec4 v0x6000024dc510_0;
    %or;
    %store/vec4 v0x6000024dc2d0_0, 0, 32;
    %jmp T_6.9;
T_6.6 ;
    %load/vec4 v0x6000024dc630_0;
    %ix/load 4, 1, 0;
    %flag_set/imm 4, 0;
    %shiftl 4;
    %store/vec4 v0x6000024dc2d0_0, 0, 32;
    %jmp T_6.9;
T_6.7 ;
    %load/vec4 v0x6000024dc630_0;
    %ix/load 4, 1, 0;
    %flag_set/imm 4, 0;
    %shiftr 4;
    %store/vec4 v0x6000024dc2d0_0, 0, 32;
    %jmp T_6.9;
T_6.9 ;
    %pop/vec4 1;
    %jmp T_6;
    .thread T_6, $push;
    .scope S_0x137607050;
T_7 ;
    %pushi/vec4 0, 0, 32;
    %store/vec4 v0x6000024de7f0_0, 0, 32;
    %end;
    .thread T_7;
    .scope S_0x137607050;
T_8 ;
    %wait E_0x6000003db780;
    %load/vec4 v0x6000024de640_0;
    %flag_set/vec4 8;
    %jmp/0xz  T_8.0, 8;
    %pushi/vec4 0, 0, 32;
    %assign/vec4 v0x6000024de7f0_0, 0;
    %jmp T_8.1;
T_8.0 ;
    %load/vec4 v0x6000024de880_0;
    %flag_set/vec4 8;
    %jmp/0xz  T_8.2, 8;
    %load/vec4 v0x6000024de760_0;
    %assign/vec4 v0x6000024de7f0_0, 0;
T_8.2 ;
T_8.1 ;
    %jmp T_8;
    .thread T_8;
    .scope S_0x137608a70;
T_9 ;
    %wait E_0x6000003db6c0;
    %load/vec4 v0x6000024dd0e0_0;
    %flag_set/vec4 8;
    %jmp/0xz  T_9.0, 8;
    %load/vec4 v0x6000024dd050_0;
    %store/vec4 v0x6000024de2e0_0, 0, 32;
T_9.0 ;
    %load/vec4 v0x6000024dd8c0_0;
    %flag_set/vec4 8;
    %jmp/0xz  T_9.2, 8;
    %load/vec4 v0x6000024dd170_0;
    %store/vec4 v0x6000024de2e0_0, 0, 32;
T_9.2 ;
    %load/vec4 v0x6000024dd9e0_0;
    %flag_set/vec4 8;
    %jmp/0xz  T_9.4, 8;
    %load/vec4 v0x6000024dd950_0;
    %store/vec4 v0x6000024de2e0_0, 0, 32;
T_9.4 ;
    %load/vec4 v0x6000024ddb00_0;
    %flag_set/vec4 8;
    %jmp/0xz  T_9.6, 8;
    %load/vec4 v0x6000024dda70_0;
    %store/vec4 v0x6000024de2e0_0, 0, 32;
T_9.6 ;
    %load/vec4 v0x6000024ddc20_0;
    %flag_set/vec4 8;
    %jmp/0xz  T_9.8, 8;
    %load/vec4 v0x6000024ddb90_0;
    %store/vec4 v0x6000024de2e0_0, 0, 32;
T_9.8 ;
    %load/vec4 v0x6000024ddd40_0;
    %flag_set/vec4 8;
    %jmp/0xz  T_9.10, 8;
    %load/vec4 v0x6000024ddcb0_0;
    %store/vec4 v0x6000024de2e0_0, 0, 32;
T_9.10 ;
    %load/vec4 v0x6000024dde60_0;
    %flag_set/vec4 8;
    %jmp/0xz  T_9.12, 8;
    %load/vec4 v0x6000024dddd0_0;
    %store/vec4 v0x6000024de2e0_0, 0, 32;
T_9.12 ;
    %load/vec4 v0x6000024ddf80_0;
    %flag_set/vec4 8;
    %jmp/0xz  T_9.14, 8;
    %load/vec4 v0x6000024ddef0_0;
    %store/vec4 v0x6000024de2e0_0, 0, 32;
T_9.14 ;
    %load/vec4 v0x6000024de0a0_0;
    %flag_set/vec4 8;
    %jmp/0xz  T_9.16, 8;
    %load/vec4 v0x6000024de010_0;
    %store/vec4 v0x6000024de2e0_0, 0, 32;
T_9.16 ;
    %load/vec4 v0x6000024de1c0_0;
    %flag_set/vec4 8;
    %jmp/0xz  T_9.18, 8;
    %load/vec4 v0x6000024de130_0;
    %store/vec4 v0x6000024de2e0_0, 0, 32;
T_9.18 ;
    %load/vec4 v0x6000024dd290_0;
    %flag_set/vec4 8;
    %jmp/0xz  T_9.20, 8;
    %load/vec4 v0x6000024dd200_0;
    %store/vec4 v0x6000024de2e0_0, 0, 32;
T_9.20 ;
    %load/vec4 v0x6000024dd3b0_0;
    %flag_set/vec4 8;
    %jmp/0xz  T_9.22, 8;
    %load/vec4 v0x6000024dd320_0;
    %store/vec4 v0x6000024de2e0_0, 0, 32;
T_9.22 ;
    %load/vec4 v0x6000024dd4d0_0;
    %flag_set/vec4 8;
    %jmp/0xz  T_9.24, 8;
    %load/vec4 v0x6000024dd440_0;
    %store/vec4 v0x6000024de2e0_0, 0, 32;
T_9.24 ;
    %load/vec4 v0x6000024dd5f0_0;
    %flag_set/vec4 8;
    %jmp/0xz  T_9.26, 8;
    %load/vec4 v0x6000024dd560_0;
    %store/vec4 v0x6000024de2e0_0, 0, 32;
T_9.26 ;
    %load/vec4 v0x6000024dd710_0;
    %flag_set/vec4 8;
    %jmp/0xz  T_9.28, 8;
    %load/vec4 v0x6000024dd680_0;
    %store/vec4 v0x6000024de2e0_0, 0, 32;
T_9.28 ;
    %load/vec4 v0x6000024dd830_0;
    %flag_set/vec4 8;
    %jmp/0xz  T_9.30, 8;
    %load/vec4 v0x6000024dd7a0_0;
    %store/vec4 v0x6000024de2e0_0, 0, 32;
T_9.30 ;
    %jmp T_9;
    .thread T_9, $push;
    .scope S_0x137604b80;
T_10 ;
    %pushi/vec4 0, 0, 4;
    %store/vec4 v0x6000024d8900_0, 0, 4;
    %end;
    .thread T_10;
    .scope S_0x137604b80;
T_11 ;
    %pushi/vec4 0, 0, 1;
    %store/vec4 v0x6000024d83f0_0, 0, 1;
T_11.0 ;
    %delay 1000, 0;
    %load/vec4 v0x6000024d83f0_0;
    %inv;
    %store/vec4 v0x6000024d83f0_0, 0, 1;
    %jmp T_11.0;
    %end;
    .thread T_11;
    .scope S_0x137604b80;
T_12 ;
    %wait E_0x6000003db4c0;
    %load/vec4 v0x6000024d8900_0;
    %dup/vec4;
    %pushi/vec4 0, 0, 4;
    %cmp/u;
    %jmp/1 T_12.0, 6;
    %dup/vec4;
    %pushi/vec4 1, 0, 4;
    %cmp/u;
    %jmp/1 T_12.1, 6;
    %dup/vec4;
    %pushi/vec4 2, 0, 4;
    %cmp/u;
    %jmp/1 T_12.2, 6;
    %dup/vec4;
    %pushi/vec4 3, 0, 4;
    %cmp/u;
    %jmp/1 T_12.3, 6;
    %dup/vec4;
    %pushi/vec4 4, 0, 4;
    %cmp/u;
    %jmp/1 T_12.4, 6;
    %dup/vec4;
    %pushi/vec4 5, 0, 4;
    %cmp/u;
    %jmp/1 T_12.5, 6;
    %dup/vec4;
    %pushi/vec4 6, 0, 4;
    %cmp/u;
    %jmp/1 T_12.6, 6;
    %dup/vec4;
    %pushi/vec4 7, 0, 4;
    %cmp/u;
    %jmp/1 T_12.7, 6;
    %dup/vec4;
    %pushi/vec4 8, 0, 4;
    %cmp/u;
    %jmp/1 T_12.8, 6;
    %dup/vec4;
    %pushi/vec4 9, 0, 4;
    %cmp/u;
    %jmp/1 T_12.9, 6;
    %dup/vec4;
    %pushi/vec4 10, 0, 4;
    %cmp/u;
    %jmp/1 T_12.10, 6;
    %dup/vec4;
    %pushi/vec4 11, 0, 4;
    %cmp/u;
    %jmp/1 T_12.11, 6;
    %jmp T_12.12;
T_12.0 ;
    %pushi/vec4 1, 0, 4;
    %store/vec4 v0x6000024d8900_0, 0, 4;
    %jmp T_12.12;
T_12.1 ;
    %pushi/vec4 2, 0, 4;
    %store/vec4 v0x6000024d8900_0, 0, 4;
    %jmp T_12.12;
T_12.2 ;
    %pushi/vec4 3, 0, 4;
    %store/vec4 v0x6000024d8900_0, 0, 4;
    %jmp T_12.12;
T_12.3 ;
    %pushi/vec4 4, 0, 4;
    %store/vec4 v0x6000024d8900_0, 0, 4;
    %jmp T_12.12;
T_12.4 ;
    %pushi/vec4 5, 0, 4;
    %store/vec4 v0x6000024d8900_0, 0, 4;
    %jmp T_12.12;
T_12.5 ;
    %pushi/vec4 6, 0, 4;
    %store/vec4 v0x6000024d8900_0, 0, 4;
    %jmp T_12.12;
T_12.6 ;
    %pushi/vec4 7, 0, 4;
    %store/vec4 v0x6000024d8900_0, 0, 4;
    %jmp T_12.12;
T_12.7 ;
    %pushi/vec4 8, 0, 4;
    %store/vec4 v0x6000024d8900_0, 0, 4;
    %jmp T_12.12;
T_12.8 ;
    %pushi/vec4 9, 0, 4;
    %store/vec4 v0x6000024d8900_0, 0, 4;
    %jmp T_12.12;
T_12.9 ;
    %pushi/vec4 10, 0, 4;
    %store/vec4 v0x6000024d8900_0, 0, 4;
    %jmp T_12.12;
T_12.10 ;
    %pushi/vec4 11, 0, 4;
    %store/vec4 v0x6000024d8900_0, 0, 4;
    %jmp T_12.12;
T_12.11 ;
    %pushi/vec4 12, 0, 4;
    %store/vec4 v0x6000024d8900_0, 0, 4;
    %jmp T_12.12;
T_12.12 ;
    %pop/vec4 1;
    %jmp T_12;
    .thread T_12;
    .scope S_0x137604b80;
T_13 ;
    %wait E_0x6000003db040;
    %load/vec4 v0x6000024d8900_0;
    %dup/vec4;
    %pushi/vec4 0, 0, 4;
    %cmp/u;
    %jmp/1 T_13.0, 6;
    %dup/vec4;
    %pushi/vec4 1, 0, 4;
    %cmp/u;
    %jmp/1 T_13.1, 6;
    %dup/vec4;
    %pushi/vec4 2, 0, 4;
    %cmp/u;
    %jmp/1 T_13.2, 6;
    %dup/vec4;
    %pushi/vec4 3, 0, 4;
    %cmp/u;
    %jmp/1 T_13.3, 6;
    %dup/vec4;
    %pushi/vec4 4, 0, 4;
    %cmp/u;
    %jmp/1 T_13.4, 6;
    %dup/vec4;
    %pushi/vec4 5, 0, 4;
    %cmp/u;
    %jmp/1 T_13.5, 6;
    %dup/vec4;
    %pushi/vec4 6, 0, 4;
    %cmp/u;
    %jmp/1 T_13.6, 6;
    %dup/vec4;
    %pushi/vec4 7, 0, 4;
    %cmp/u;
    %jmp/1 T_13.7, 6;
    %dup/vec4;
    %pushi/vec4 8, 0, 4;
    %cmp/u;
    %jmp/1 T_13.8, 6;
    %dup/vec4;
    %pushi/vec4 9, 0, 4;
    %cmp/u;
    %jmp/1 T_13.9, 6;
    %dup/vec4;
    %pushi/vec4 10, 0, 4;
    %cmp/u;
    %jmp/1 T_13.10, 6;
    %dup/vec4;
    %pushi/vec4 11, 0, 4;
    %cmp/u;
    %jmp/1 T_13.11, 6;
    %dup/vec4;
    %pushi/vec4 12, 0, 4;
    %cmp/u;
    %jmp/1 T_13.12, 6;
    %jmp T_13.13;
T_13.0 ;
    %pushi/vec4 0, 0, 1;
    %assign/vec4 v0x6000024d8870_0, 0;
    %pushi/vec4 0, 0, 1;
    %assign/vec4 v0x6000024d8e10_0, 0;
    %pushi/vec4 0, 0, 1;
    %assign/vec4 v0x6000024d86c0_0, 0;
    %pushi/vec4 0, 0, 1;
    %assign/vec4 v0x6000024d8a20_0, 0;
    %pushi/vec4 0, 0, 1;
    %assign/vec4 v0x6000024d8bd0_0, 0;
    %pushi/vec4 0, 0, 1;
    %assign/vec4 v0x6000024d85a0_0, 0;
    %pushi/vec4 0, 0, 1;
    %assign/vec4 v0x6000024d8d80_0, 0;
    %pushi/vec4 0, 0, 1;
    %assign/vec4 v0x6000024d87e0_0, 0;
    %pushi/vec4 0, 0, 1;
    %assign/vec4 v0x6000024d8630_0, 0;
    %pushi/vec4 0, 0, 1;
    %assign/vec4 v0x6000024d8480_0, 0;
    %pushi/vec4 0, 0, 1;
    %assign/vec4 v0x6000024d8cf0_0, 0;
    %pushi/vec4 0, 0, 1;
    %assign/vec4 v0x6000024d8510_0, 0;
    %pushi/vec4 0, 0, 1;
    %assign/vec4 v0x6000024d8c60_0, 0;
    %pushi/vec4 0, 0, 1;
    %assign/vec4 v0x6000024d82d0_0, 0;
    %pushi/vec4 0, 0, 1;
    %assign/vec4 v0x6000024d8360_0, 0;
    %pushi/vec4 0, 0, 1;
    %assign/vec4 v0x6000024d8990_0, 0;
    %pushi/vec4 0, 0, 1;
    %assign/vec4 v0x6000024d8ab0_0, 0;
    %pushi/vec4 0, 0, 1;
    %assign/vec4 v0x6000024d8b40_0, 0;
    %pushi/vec4 0, 0, 32;
    %assign/vec4 v0x6000024d8750_0, 0;
    %jmp T_13.13;
T_13.1 ;
    %pushi/vec4 34, 0, 32;
    %assign/vec4 v0x6000024d8750_0, 0;
    %pushi/vec4 0, 0, 1;
    %store/vec4 v0x6000024d8c60_0, 0, 1;
    %pushi/vec4 0, 0, 1;
    %store/vec4 v0x6000024d8630_0, 0, 1;
    %pushi/vec4 1, 0, 1;
    %assign/vec4 v0x6000024d8c60_0, 0;
    %pushi/vec4 1, 0, 1;
    %assign/vec4 v0x6000024d8630_0, 0;
    %delay 1500, 0;
    %pushi/vec4 0, 0, 1;
    %assign/vec4 v0x6000024d8c60_0, 0;
    %pushi/vec4 0, 0, 1;
    %assign/vec4 v0x6000024d8630_0, 0;
    %jmp T_13.13;
T_13.2 ;
    %pushi/vec4 1, 0, 1;
    %assign/vec4 v0x6000024d86c0_0, 0;
    %pushi/vec4 1, 0, 1;
    %assign/vec4 v0x6000024d8990_0, 0;
    %delay 1500, 0;
    %pushi/vec4 0, 0, 1;
    %assign/vec4 v0x6000024d86c0_0, 0;
    %pushi/vec4 0, 0, 1;
    %assign/vec4 v0x6000024d8990_0, 0;
    %jmp T_13.13;
T_13.3 ;
    %pushi/vec4 36, 0, 32;
    %assign/vec4 v0x6000024d8750_0, 0;
    %pushi/vec4 1, 0, 1;
    %assign/vec4 v0x6000024d8c60_0, 0;
    %pushi/vec4 1, 0, 1;
    %assign/vec4 v0x6000024d8630_0, 0;
    %delay 1500, 0;
    %pushi/vec4 0, 0, 1;
    %assign/vec4 v0x6000024d8c60_0, 0;
    %pushi/vec4 0, 0, 1;
    %assign/vec4 v0x6000024d8630_0, 0;
    %jmp T_13.13;
T_13.4 ;
    %pushi/vec4 1, 0, 1;
    %assign/vec4 v0x6000024d86c0_0, 0;
    %pushi/vec4 1, 0, 1;
    %assign/vec4 v0x6000024d8b40_0, 0;
    %delay 1500, 0;
    %pushi/vec4 0, 0, 1;
    %assign/vec4 v0x6000024d86c0_0, 0;
    %pushi/vec4 0, 0, 1;
    %assign/vec4 v0x6000024d8b40_0, 0;
    %jmp T_13.13;
T_13.5 ;
    %pushi/vec4 40, 0, 32;
    %assign/vec4 v0x6000024d8750_0, 0;
    %pushi/vec4 1, 0, 1;
    %assign/vec4 v0x6000024d8c60_0, 0;
    %pushi/vec4 1, 0, 1;
    %assign/vec4 v0x6000024d8630_0, 0;
    %delay 1500, 0;
    %pushi/vec4 0, 0, 1;
    %assign/vec4 v0x6000024d8c60_0, 0;
    %pushi/vec4 0, 0, 1;
    %assign/vec4 v0x6000024d8630_0, 0;
    %jmp T_13.13;
T_13.6 ;
    %pushi/vec4 1, 0, 1;
    %assign/vec4 v0x6000024d86c0_0, 0;
    %pushi/vec4 1, 0, 1;
    %assign/vec4 v0x6000024d8ab0_0, 0;
    %delay 1500, 0;
    %pushi/vec4 0, 0, 1;
    %assign/vec4 v0x6000024d86c0_0, 0;
    %pushi/vec4 0, 0, 1;
    %assign/vec4 v0x6000024d8ab0_0, 0;
    %jmp T_13.13;
T_13.7 ;
    %pushi/vec4 1, 0, 1;
    %assign/vec4 v0x6000024d8870_0, 0;
    %pushi/vec4 1, 0, 1;
    %assign/vec4 v0x6000024d85a0_0, 0;
    %pushi/vec4 1, 0, 1;
    %assign/vec4 v0x6000024d8510_0, 0;
    %pushi/vec4 1, 0, 1;
    %assign/vec4 v0x6000024d8d80_0, 0;
    %jmp T_13.13;
T_13.8 ;
    %pushi/vec4 1, 0, 1;
    %assign/vec4 v0x6000024d8e10_0, 0;
    %pushi/vec4 1, 0, 1;
    %assign/vec4 v0x6000024d87e0_0, 0;
    %pushi/vec4 1, 0, 1;
    %assign/vec4 v0x6000024d8c60_0, 0;
    %pushi/vec4 1, 0, 1;
    %assign/vec4 v0x6000024d8630_0, 0;
    %pushi/vec4 707493888, 0, 32;
    %assign/vec4 v0x6000024d8750_0, 0;
    %jmp T_13.13;
T_13.9 ;
    %pushi/vec4 1, 0, 1;
    %assign/vec4 v0x6000024d86c0_0, 0;
    %pushi/vec4 1, 0, 1;
    %assign/vec4 v0x6000024d8480_0, 0;
    %jmp T_13.13;
T_13.10 ;
    %pushi/vec4 1, 0, 1;
    %assign/vec4 v0x6000024d8a20_0, 0;
    %pushi/vec4 1, 0, 1;
    %assign/vec4 v0x6000024d8cf0_0, 0;
    %jmp T_13.13;
T_13.11 ;
    %pushi/vec4 1, 0, 1;
    %assign/vec4 v0x6000024d8bd0_0, 0;
    %pushi/vec4 1, 0, 1;
    %assign/vec4 v0x6000024d82d0_0, 0;
    %pushi/vec4 1, 0, 1;
    %assign/vec4 v0x6000024d8d80_0, 0;
    %jmp T_13.13;
T_13.12 ;
    %pushi/vec4 1, 0, 1;
    %assign/vec4 v0x6000024d8e10_0, 0;
    %pushi/vec4 1, 0, 1;
    %assign/vec4 v0x6000024d8ab0_0, 0;
    %jmp T_13.13;
T_13.13 ;
    %pop/vec4 1;
    %jmp T_13;
    .thread T_13, $push;
# The file index is used to find the file name in the following table.
:file_names 8;
    "N/A";
    "<interactive>";
    "MDR.v";
    "datapath_tb.v";
    "Datapath.v";
    "ALU.v";
    "Bus.v";
    "register.v";
