#! /opt/homebrew/Cellar/icarus-verilog/12.0/bin/vvp
:ivl_version "12.0 (stable)";
:ivl_delay_selection "TYPICAL";
:vpi_time_precision - 11;
:vpi_module "/opt/homebrew/Cellar/icarus-verilog/12.0/lib/ivl/system.vpi";
:vpi_module "/opt/homebrew/Cellar/icarus-verilog/12.0/lib/ivl/vhdl_sys.vpi";
:vpi_module "/opt/homebrew/Cellar/icarus-verilog/12.0/lib/ivl/vhdl_textio.vpi";
:vpi_module "/opt/homebrew/Cellar/icarus-verilog/12.0/lib/ivl/v2005_math.vpi";
:vpi_module "/opt/homebrew/Cellar/icarus-verilog/12.0/lib/ivl/va_math.vpi";
S_0x13b7057d0 .scope module, "shl_tb" "shl_tb" 2 3;
 .timescale -9 -11;
P_0x13b7063a0 .param/l "DATA_WIDTH" 0 2 4, +C4<00000000000000000000000000100000>;
v0x13b7221c0_0 .var "data_in", 31 0;
v0x13b722270_0 .net "data_out", 31 0, v0x13b722080_0;  1 drivers
v0x13b722320_0 .var "shift_amount", 4 0;
S_0x13b705940 .scope module, "uut" "shl" 2 11, 3 1 0, S_0x13b7057d0;
 .timescale -9 -11;
    .port_info 0 /INPUT 32 "data_in";
    .port_info 1 /INPUT 5 "shift_amount";
    .port_info 2 /OUTPUT 32 "data_out";
P_0x13b70b940 .param/l "DATA_WIDTH" 0 3 1, +C4<00000000000000000000000000100000>;
v0x13b70acb0_0 .net "data_in", 31 0, v0x13b7221c0_0;  1 drivers
v0x13b722080_0 .var "data_out", 31 0;
v0x13b722120_0 .net "shift_amount", 4 0, v0x13b722320_0;  1 drivers
E_0x13b712060 .event anyedge, v0x13b70acb0_0, v0x13b722120_0;
    .scope S_0x13b705940;
T_0 ;
    %wait E_0x13b712060;
    %load/vec4 v0x13b70acb0_0;
    %ix/getv 4, v0x13b722120_0;
    %shiftl 4;
    %store/vec4 v0x13b722080_0, 0, 32;
    %jmp T_0;
    .thread T_0, $push;
    .scope S_0x13b7057d0;
T_1 ;
    %vpi_call 2 18 "$display", "\012=====================================" {0 0 0};
    %vpi_call 2 19 "$display", " SHIFT LEFT OPERATION TEST RESULTS " {0 0 0};
    %vpi_call 2 20 "$display", "=====================================" {0 0 0};
    %vpi_call 2 21 "$display", " Input (bin)            | Shift | Output (bin)           | Input (dec) | Output (dec)" {0 0 0};
    %vpi_call 2 22 "$display", "------------------------|-------|------------------------|------------|------------" {0 0 0};
    %pushi/vec4 15, 0, 32;
    %store/vec4 v0x13b7221c0_0, 0, 32;
    %pushi/vec4 1, 0, 5;
    %store/vec4 v0x13b722320_0, 0, 5;
    %delay 1000, 0;
    %vpi_call 2 26 "$display", "%b | %2d    | %b | %10d | %10d", v0x13b7221c0_0, v0x13b722320_0, v0x13b722270_0, v0x13b7221c0_0, v0x13b722270_0 {0 0 0};
    %pushi/vec4 4294967295, 0, 32;
    %store/vec4 v0x13b7221c0_0, 0, 32;
    %pushi/vec4 2, 0, 5;
    %store/vec4 v0x13b722320_0, 0, 5;
    %delay 1000, 0;
    %vpi_call 2 30 "$display", "%b | %2d    | %b | %10d | %10d", v0x13b7221c0_0, v0x13b722320_0, v0x13b722270_0, v0x13b7221c0_0, v0x13b722270_0 {0 0 0};
    %pushi/vec4 2863311530, 0, 32;
    %store/vec4 v0x13b7221c0_0, 0, 32;
    %pushi/vec4 8, 0, 5;
    %store/vec4 v0x13b722320_0, 0, 5;
    %delay 1000, 0;
    %vpi_call 2 34 "$display", "%b | %2d    | %b | %10d | %10d", v0x13b7221c0_0, v0x13b722320_0, v0x13b722270_0, v0x13b7221c0_0, v0x13b722270_0 {0 0 0};
    %pushi/vec4 15790320, 0, 32;
    %store/vec4 v0x13b7221c0_0, 0, 32;
    %pushi/vec4 16, 0, 5;
    %store/vec4 v0x13b722320_0, 0, 5;
    %delay 1000, 0;
    %vpi_call 2 38 "$display", "%b | %2d    | %b | %10d | %10d", v0x13b7221c0_0, v0x13b722320_0, v0x13b722270_0, v0x13b7221c0_0, v0x13b722270_0 {0 0 0};
    %pushi/vec4 3435973836, 0, 32;
    %store/vec4 v0x13b7221c0_0, 0, 32;
    %pushi/vec4 0, 0, 5;
    %store/vec4 v0x13b722320_0, 0, 5;
    %delay 1000, 0;
    %vpi_call 2 42 "$display", "%b | %2d    | %b | %10d | %10d", v0x13b7221c0_0, v0x13b722320_0, v0x13b722270_0, v0x13b7221c0_0, v0x13b722270_0 {0 0 0};
    %pushi/vec4 1, 0, 32;
    %store/vec4 v0x13b7221c0_0, 0, 32;
    %pushi/vec4 31, 0, 5;
    %store/vec4 v0x13b722320_0, 0, 5;
    %delay 1000, 0;
    %vpi_call 2 46 "$display", "%b | %2d    | %b | %10d | %10d", v0x13b7221c0_0, v0x13b722320_0, v0x13b722270_0, v0x13b7221c0_0, v0x13b722270_0 {0 0 0};
    %vpi_call 2 48 "$display", "=====================================" {0 0 0};
    %end;
    .thread T_1;
    .scope S_0x13b7057d0;
T_2 ;
    %vpi_call 2 52 "$dumpfile", "shl_tb.vcd" {0 0 0};
    %vpi_call 2 53 "$dumpvars", 32'sb00000000000000000000000000000000, S_0x13b7057d0 {0 0 0};
    %end;
    .thread T_2;
    .scope S_0x13b7057d0;
T_3 ;
    %delay 7500, 0;
    %vpi_call 2 58 "$display", "Simulation complete." {0 0 0};
    %delay 1000, 0;
    %vpi_call 2 60 "$finish" {0 0 0};
    %end;
    .thread T_3;
# The file index is used to find the file name in the following table.
:file_names 4;
    "N/A";
    "<interactive>";
    "shl_tb.v";
    "shl.v";
